Component: ARM Compiler 5.06 update 5 (build 528) Tool: armlink [4d35e2]

==============================================================================

Section Cross References

    startup_stm32f103xb.o(RESET) refers to startup_stm32f103xb.o(STACK) for __initial_sp
    startup_stm32f103xb.o(RESET) refers to startup_stm32f103xb.o(.text) for Reset_Handler
    startup_stm32f103xb.o(RESET) refers to stm32f1xx_it.o(i.NMI_Handler) for NMI_Handler
    startup_stm32f103xb.o(RESET) refers to stm32f1xx_it.o(i.HardFault_Handler) for HardFault_Handler
    startup_stm32f103xb.o(RESET) refers to stm32f1xx_it.o(i.MemManage_Handler) for MemManage_Handler
    startup_stm32f103xb.o(RESET) refers to stm32f1xx_it.o(i.BusFault_Handler) for BusFault_Handler
    startup_stm32f103xb.o(RESET) refers to stm32f1xx_it.o(i.UsageFault_Handler) for UsageFault_Handler
    startup_stm32f103xb.o(RESET) refers to port.o(.emb_text) for SVC_Handler
    startup_stm32f103xb.o(RESET) refers to stm32f1xx_it.o(i.DebugMon_Handler) for DebugMon_Handler
    startup_stm32f103xb.o(RESET) refers to stm32f1xx_it.o(i.SysTick_Handler) for SysTick_Handler
    startup_stm32f103xb.o(.text) refers to system_stm32f1xx.o(i.SystemInit) for SystemInit
    startup_stm32f103xb.o(.text) refers to entry.o(.ARM.Collect$$$$00000000) for __main
    main.o(i.SystemClock_Config) refers to memseta.o(.text) for __aeabi_memclr4
    main.o(i.SystemClock_Config) refers to stm32f1xx_hal_rcc.o(i.HAL_RCC_OscConfig) for HAL_RCC_OscConfig
    main.o(i.SystemClock_Config) refers to main.o(i.Error_Handler) for Error_Handler
    main.o(i.SystemClock_Config) refers to stm32f1xx_hal_rcc.o(i.HAL_RCC_ClockConfig) for HAL_RCC_ClockConfig
    main.o(i.main) refers to stm32f1xx_hal.o(i.HAL_Init) for HAL_Init
    main.o(i.main) refers to main.o(i.SystemClock_Config) for SystemClock_Config
    main.o(i.main) refers to gpio.o(i.MX_GPIO_Init) for MX_GPIO_Init
    main.o(i.main) refers to usart.o(i.MX_USART1_UART_Init) for MX_USART1_UART_Init
    main.o(i.main) refers to app_freertos.o(i.App_freeRTOS_Init) for App_freeRTOS_Init
    gpio.o(i.MX_GPIO_Init) refers to stm32f1xx_hal_gpio.o(i.HAL_GPIO_WritePin) for HAL_GPIO_WritePin
    gpio.o(i.MX_GPIO_Init) refers to stm32f1xx_hal_gpio.o(i.HAL_GPIO_Init) for HAL_GPIO_Init
    usart.o(i.HAL_UART_MspDeInit) refers to stm32f1xx_hal_gpio.o(i.HAL_GPIO_DeInit) for HAL_GPIO_DeInit
    usart.o(i.HAL_UART_MspInit) refers to stm32f1xx_hal_gpio.o(i.HAL_GPIO_Init) for HAL_GPIO_Init
    usart.o(i.MX_USART1_UART_Init) refers to stm32f1xx_hal_uart.o(i.HAL_UART_Init) for HAL_UART_Init
    usart.o(i.MX_USART1_UART_Init) refers to main.o(i.Error_Handler) for Error_Handler
    usart.o(i.MX_USART1_UART_Init) refers to usart.o(.bss) for huart1
    stm32f1xx_it.o(i.SysTick_Handler) refers to tasks.o(i.xTaskGetSchedulerState) for xTaskGetSchedulerState
    stm32f1xx_it.o(i.SysTick_Handler) refers to port.o(i.xPortSysTickHandler) for xPortSysTickHandler
    stm32f1xx_it.o(i.SysTick_Handler) refers to stm32f1xx_hal.o(i.HAL_IncTick) for HAL_IncTick
    stm32f1xx_hal_uart.o(i.HAL_HalfDuplex_Init) refers to usart.o(i.HAL_UART_MspInit) for HAL_UART_MspInit
    stm32f1xx_hal_uart.o(i.HAL_HalfDuplex_Init) refers to stm32f1xx_hal_uart.o(i.UART_SetConfig) for UART_SetConfig
    stm32f1xx_hal_uart.o(i.HAL_LIN_Init) refers to usart.o(i.HAL_UART_MspInit) for HAL_UART_MspInit
    stm32f1xx_hal_uart.o(i.HAL_LIN_Init) refers to stm32f1xx_hal_uart.o(i.UART_SetConfig) for UART_SetConfig
    stm32f1xx_hal_uart.o(i.HAL_MultiProcessor_Init) refers to usart.o(i.HAL_UART_MspInit) for HAL_UART_MspInit
    stm32f1xx_hal_uart.o(i.HAL_MultiProcessor_Init) refers to stm32f1xx_hal_uart.o(i.UART_SetConfig) for UART_SetConfig
    stm32f1xx_hal_uart.o(i.HAL_UARTEx_ReceiveToIdle) refers to stm32f1xx_hal.o(i.HAL_GetTick) for HAL_GetTick
    stm32f1xx_hal_uart.o(i.HAL_UARTEx_ReceiveToIdle_DMA) refers to stm32f1xx_hal_uart.o(i.UART_Start_Receive_DMA) for UART_Start_Receive_DMA
    stm32f1xx_hal_uart.o(i.HAL_UARTEx_ReceiveToIdle_IT) refers to stm32f1xx_hal_uart.o(i.UART_Start_Receive_IT) for UART_Start_Receive_IT
    stm32f1xx_hal_uart.o(i.HAL_UART_Abort) refers to stm32f1xx_hal_dma.o(i.HAL_DMA_Abort) for HAL_DMA_Abort
    stm32f1xx_hal_uart.o(i.HAL_UART_Abort) refers to stm32f1xx_hal_dma.o(i.HAL_DMA_GetError) for HAL_DMA_GetError
    stm32f1xx_hal_uart.o(i.HAL_UART_AbortReceive) refers to stm32f1xx_hal_dma.o(i.HAL_DMA_Abort) for HAL_DMA_Abort
    stm32f1xx_hal_uart.o(i.HAL_UART_AbortReceive) refers to stm32f1xx_hal_dma.o(i.HAL_DMA_GetError) for HAL_DMA_GetError
    stm32f1xx_hal_uart.o(i.HAL_UART_AbortReceive_IT) refers to stm32f1xx_hal_dma.o(i.HAL_DMA_Abort_IT) for HAL_DMA_Abort_IT
    stm32f1xx_hal_uart.o(i.HAL_UART_AbortReceive_IT) refers to stm32f1xx_hal_uart.o(i.HAL_UART_AbortReceiveCpltCallback) for HAL_UART_AbortReceiveCpltCallback
    stm32f1xx_hal_uart.o(i.HAL_UART_AbortReceive_IT) refers to stm32f1xx_hal_uart.o(i.UART_DMARxOnlyAbortCallback) for UART_DMARxOnlyAbortCallback
[...]
    Removing stm32f1xx_hal_pwr.o(i.HAL_PWR_DisableBkUpAccess), (12 bytes).
    Removing stm32f1xx_hal_pwr.o(i.HAL_PWR_DisablePVD), (12 bytes).
    Removing stm32f1xx_hal_pwr.o(i.HAL_PWR_DisableSEVOnPend), (20 bytes).
    Removing stm32f1xx_hal_pwr.o(i.HAL_PWR_DisableSleepOnExit), (20 bytes).
    Removing stm32f1xx_hal_pwr.o(i.HAL_PWR_DisableWakeUpPin), (28 bytes).
    Removing stm32f1xx_hal_pwr.o(i.HAL_PWR_EnableBkUpAccess), (12 bytes).
    Removing stm32f1xx_hal_pwr.o(i.HAL_PWR_EnablePVD), (12 bytes).
    Removing stm32f1xx_hal_pwr.o(i.HAL_PWR_EnableSEVOnPend), (20 bytes).
    Removing stm32f1xx_hal_pwr.o(i.HAL_PWR_EnableSleepOnExit), (20 bytes).
    Removing stm32f1xx_hal_pwr.o(i.HAL_PWR_EnableWakeUpPin), (28 bytes).
    Removing stm32f1xx_hal_pwr.o(i.HAL_PWR_EnterSLEEPMode), (32 bytes).
    Removing stm32f1xx_hal_pwr.o(i.HAL_PWR_EnterSTANDBYMode), (40 bytes).
    Removing stm32f1xx_hal_pwr.o(i.HAL_PWR_EnterSTOPMode), (84 bytes).
    Removing stm32f1xx_hal_pwr.o(i.HAL_PWR_PVDCallback), (2 bytes).
    Removing stm32f1xx_hal_pwr.o(i.HAL_PWR_PVD_IRQHandler), (32 bytes).
    Removing stm32f1xx_hal_pwr.o(i.PWR_OverloadWfe), (6 bytes).
    Removing stm32f1xx_hal_flash.o(.rev16_text), (4 bytes).
    Removing stm32f1xx_hal_flash.o(.revsh_text), (4 bytes).
    Removing stm32f1xx_hal_flash.o(.rrx_text), (6 bytes).
    Removing stm32f1xx_hal_flash.o(i.FLASH_Program_HalfWord), (32 bytes).
    Removing stm32f1xx_hal_flash.o(i.FLASH_SetErrorCode), (132 bytes).
    Removing stm32f1xx_hal_flash.o(i.FLASH_WaitForLastOperation), (112 bytes).
    Removing stm32f1xx_hal_flash.o(i.HAL_FLASH_EndOfOperationCallback), (2 bytes).
    Removing stm32f1xx_hal_flash.o(i.HAL_FLASH_GetError), (12 bytes).
    Removing stm32f1xx_hal_flash.o(i.HAL_FLASH_IRQHandler), (376 bytes).
    Removing stm32f1xx_hal_flash.o(i.HAL_FLASH_Lock), (20 bytes).
    Removing stm32f1xx_hal_flash.o(i.HAL_FLASH_OB_Launch), (8 bytes).
    Removing stm32f1xx_hal_flash.o(i.HAL_FLASH_OB_Lock), (20 bytes).
    Removing stm32f1xx_hal_flash.o(i.HAL_FLASH_OB_Unlock), (44 bytes).
    Removing stm32f1xx_hal_flash.o(i.HAL_FLASH_OperationErrorCallback), (2 bytes).
    Removing stm32f1xx_hal_flash.o(i.HAL_FLASH_Program), (176 bytes).
    Removing stm32f1xx_hal_flash.o(i.HAL_FLASH_Program_IT), (100 bytes).
    Removing stm32f1xx_hal_flash.o(i.HAL_FLASH_Unlock), (48 bytes).
    Removing stm32f1xx_hal_flash.o(.bss), (32 bytes).
    Removing stm32f1xx_hal_flash_ex.o(.rev16_text), (4 bytes).
    Removing stm32f1xx_hal_flash_ex.o(.revsh_text), (4 bytes).
    Removing stm32f1xx_hal_flash_ex.o(.rrx_text), (6 bytes).
    Removing stm32f1xx_hal_flash_ex.o(i.FLASH_MassErase), (40 bytes).
    Removing stm32f1xx_hal_flash_ex.o(i.FLASH_OB_DisableWRP), (232 bytes).
    Removing stm32f1xx_hal_flash_ex.o(i.FLASH_OB_EnableWRP), (236 bytes).
    Removing stm32f1xx_hal_flash_ex.o(i.FLASH_OB_GetRDP), (28 bytes).
    Removing stm32f1xx_hal_flash_ex.o(i.FLASH_OB_GetUser), (16 bytes).
    Removing stm32f1xx_hal_flash_ex.o(i.FLASH_OB_GetWRP), (12 bytes).
    Removing stm32f1xx_hal_flash_ex.o(i.FLASH_OB_ProgramData), (76 bytes).
    Removing stm32f1xx_hal_flash_ex.o(i.FLASH_OB_RDP_LevelConfig), (124 bytes).
    Removing stm32f1xx_hal_flash_ex.o(i.FLASH_OB_UserConfig), (84 bytes).
    Removing stm32f1xx_hal_flash_ex.o(i.FLASH_PageErase), (40 bytes).
    Removing stm32f1xx_hal_flash_ex.o(i.HAL_FLASHEx_Erase), (176 bytes).
    Removing stm32f1xx_hal_flash_ex.o(i.HAL_FLASHEx_Erase_IT), (80 bytes).
    Removing stm32f1xx_hal_flash_ex.o(i.HAL_FLASHEx_OBErase), (96 bytes).
    Removing stm32f1xx_hal_flash_ex.o(i.HAL_FLASHEx_OBGetConfig), (28 bytes).
    Removing stm32f1xx_hal_flash_ex.o(i.HAL_FLASHEx_OBGetUserData), (40 bytes).
    Removing stm32f1xx_hal_flash_ex.o(i.HAL_FLASHEx_OBProgram), (200 bytes).
    Removing stm32f1xx_hal_exti.o(.rev16_text), (4 bytes).
    Removing stm32f1xx_hal_exti.o(.revsh_text), (4 bytes).
    Removing stm32f1xx_hal_exti.o(.rrx_text), (6 bytes).
    Removing stm32f1xx_hal_exti.o(i.HAL_EXTI_ClearConfigLine), (120 bytes).
    Removing stm32f1xx_hal_exti.o(i.HAL_EXTI_ClearPending), (28 bytes).
    Removing stm32f1xx_hal_exti.o(i.HAL_EXTI_GenerateSWI), (24 bytes).
    Removing stm32f1xx_hal_exti.o(i.HAL_EXTI_GetConfigLine), (156 bytes).
    Removing stm32f1xx_hal_exti.o(i.HAL_EXTI_GetHandle), (14 bytes).
    Removing stm32f1xx_hal_exti.o(i.HAL_EXTI_GetPending), (36 bytes).
    Removing stm32f1xx_hal_exti.o(i.HAL_EXTI_IRQHandler), (44 bytes).
    Removing stm32f1xx_hal_exti.o(i.HAL_EXTI_RegisterCallback), (20 bytes).
    Removing stm32f1xx_hal_exti.o(i.HAL_EXTI_SetConfigLine), (240 bytes).
    Removing system_stm32f1xx.o(.rev16_text), (4 bytes).
    Removing system_stm32f1xx.o(.revsh_text), (4 bytes).
    Removing system_stm32f1xx.o(.rrx_text), (6 bytes).
    Removing system_stm32f1xx.o(i.SystemCoreClockUpdate), (164 bytes).
    Removing com_debug.o(.rev16_text), (4 bytes).
    Removing com_debug.o(.revsh_text), (4 bytes).
    Removing com_debug.o(.rrx_text), (6 bytes).
    Removing event_groups.o(i.prvTestWaitCondition), (30 bytes).
    Removing event_groups.o(i.vEventGroupClearBitsCallback), (16 bytes).
    Removing event_groups.o(i.vEventGroupDelete), (42 bytes).
    Removing event_groups.o(i.vEventGroupSetBitsCallback), (16 bytes).
    Removing event_groups.o(i.xEventGroupClearBits), (32 bytes).
    Removing event_groups.o(i.xEventGroupCreate), (26 bytes).
    Removing event_groups.o(i.xEventGroupGetBitsFromISR), (44 bytes).
    Removing event_groups.o(i.xEventGroupSetBits), (146 bytes).
    Removing event_groups.o(i.xEventGroupSync), (168 bytes).
    Removing event_groups.o(i.xEventGroupWaitBits), (204 bytes).
    Removing list.o(i.vListInsertEnd), (24 bytes).
    Removing queue.o(i.prvCopyDataFromQueue), (42 bytes).
    Removing queue.o(i.prvCopyDataToQueue), (106 bytes).
    Removing queue.o(i.prvInitialiseNewQueue), (38 bytes).
    Removing queue.o(i.prvIsQueueEmpty), (26 bytes).
    Removing queue.o(i.prvIsQueueFull), (30 bytes).
    Removing queue.o(i.prvUnlockQueue), (126 bytes).
    Removing queue.o(i.uxQueueMessagesWaiting), (18 bytes).
    Removing queue.o(i.uxQueueMessagesWaitingFromISR), (8 bytes).
    Removing queue.o(i.uxQueueSpacesAvailable), (24 bytes).
    Removing queue.o(i.vQueueDelete), (14 bytes).
    Removing queue.o(i.xQueueGenericCreate), (76 bytes).
    Removing queue.o(i.xQueueGenericReset), (160 bytes).
    Removing queue.o(i.xQueueGenericSend), (280 bytes).
    Removing queue.o(i.xQueueGenericSendFromISR), (152 bytes).
    Removing queue.o(i.xQueueGiveFromISR), (132 bytes).
    Removing queue.o(i.xQueueIsQueueEmptyFromISR), (16 bytes).
    Removing queue.o(i.xQueueIsQueueFullFromISR), (22 bytes).
    Removing queue.o(i.xQueuePeek), (268 bytes).
    Removing queue.o(i.xQueuePeekFromISR), (74 bytes).
    Removing queue.o(i.xQueueReceive), (260 bytes).
    Removing queue.o(i.xQueueReceiveFromISR), (140 bytes).
    Removing queue.o(i.xQueueSemaphoreTake), (240 bytes).
    Removing stream_buffer.o(i.prvBytesInBuffer), (24 bytes).
    Removing stream_buffer.o(i.prvInitialiseNewStreamBuffer), (42 bytes).
    Removing stream_buffer.o(i.prvReadBytesFromBuffer), (76 bytes).
    Removing stream_buffer.o(i.prvReadMessageFromBuffer), (90 bytes).
    Removing stream_buffer.o(i.prvWriteBytesToBuffer), (76 bytes).
    Removing stream_buffer.o(i.prvWriteMessageToBuffer), (88 bytes).
    Removing stream_buffer.o(i.vStreamBufferDelete), (32 bytes).
    Removing stream_buffer.o(i.xStreamBufferBytesAvailable), (18 bytes).
    Removing stream_buffer.o(i.xStreamBufferGenericCreate), (82 bytes).
    Removing stream_buffer.o(i.xStreamBufferIsEmpty), (22 bytes).
    Removing stream_buffer.o(i.xStreamBufferIsFull), (40 bytes).
    Removing stream_buffer.o(i.xStreamBufferNextMessageLengthBytes), (52 bytes).
    Removing stream_buffer.o(i.xStreamBufferReceive), (176 bytes).
    Removing stream_buffer.o(i.xStreamBufferReceiveCompletedFromISR), (80 bytes).
    Removing stream_buffer.o(i.xStreamBufferReceiveFromISR), (132 bytes).
    Removing stream_buffer.o(i.xStreamBufferReset), (56 bytes).
    Removing stream_buffer.o(i.xStreamBufferSend), (226 bytes).
    Removing stream_buffer.o(i.xStreamBufferSendCompletedFromISR), (80 bytes).
    Removing stream_buffer.o(i.xStreamBufferSendFromISR), (134 bytes).
    Removing stream_buffer.o(i.xStreamBufferSetTriggerLevel), (26 bytes).
    Removing stream_buffer.o(i.xStreamBufferSpacesAvailable), (40 bytes).
    Removing tasks.o(i.pcTaskGetName), (24 bytes).
    Removing tasks.o(i.prvTaskIsTaskSuspended), (64 bytes).
    Removing tasks.o(i.ulTaskGenericNotifyTake), (136 bytes).
    Removing tasks.o(i.ulTaskGenericNotifyValueClear), (64 bytes).
    Removing tasks.o(i.uxTaskGetNumberOfTasks), (12 bytes).
    Removing tasks.o(i.uxTaskPriorityGet), (36 bytes).
    Removing tasks.o(i.uxTaskPriorityGetFromISR), (56 bytes).
    Removing tasks.o(i.uxTaskResetEventItemValue), (28 bytes).
    Removing tasks.o(i.vTaskDelete), (212 bytes).
    Removing tasks.o(i.vTaskEndScheduler), (36 bytes).
    Removing tasks.o(i.vTaskGenericNotifyGiveFromISR), (336 bytes).
    Removing tasks.o(i.vTaskInternalSetTimeOutState), (24 bytes).
    Removing tasks.o(i.vTaskMissedYield), (12 bytes).
    Removing tasks.o(i.vTaskPlaceOnEventList), (32 bytes).
    Removing tasks.o(i.vTaskPlaceOnUnorderedEventList), (80 bytes).
    Removing tasks.o(i.vTaskPrioritySet), (284 bytes).
    Removing tasks.o(i.vTaskRemoveFromUnorderedEventList), (208 bytes).
    Removing tasks.o(i.vTaskResume), (172 bytes).
    Removing tasks.o(i.vTaskSetTimeOutState), (36 bytes).
    Removing tasks.o(i.vTaskSuspend), (216 bytes).
    Removing tasks.o(i.xTaskCatchUpTicks), (40 bytes).
    Removing tasks.o(i.xTaskCheckForTimeOut), (96 bytes).
    Removing tasks.o(i.xTaskDelayUntil), (116 bytes).
    Removing tasks.o(i.xTaskGenericNotify), (332 bytes).
    Removing tasks.o(i.xTaskGenericNotifyFromISR), (504 bytes).
    Removing tasks.o(i.xTaskGenericNotifyStateClear), (64 bytes).
    Removing tasks.o(i.xTaskGenericNotifyWait), (172 bytes).
    Removing tasks.o(i.xTaskGetCurrentTaskHandle), (12 bytes).
    Removing tasks.o(i.xTaskGetTickCountFromISR), (12 bytes).
    Removing tasks.o(i.xTaskRemoveFromEventList), (264 bytes).
    Removing tasks.o(i.xTaskResumeFromISR), (216 bytes).
    Removing heap_4.o(i.pvPortCalloc), (54 bytes).
    Removing heap_4.o(i.vPortGetHeapStats), (128 bytes).
    Removing heap_4.o(i.vPortInitialiseBlocks), (2 bytes).
    Removing heap_4.o(i.xPortGetFreeHeapSize), (12 bytes).
    Removing heap_4.o(i.xPortGetMinimumEverFreeHeapSize), (12 bytes).
    Removing port.o(i.vPortEndScheduler), (2 bytes).
    Removing app_freertos.o(.rev16_text), (4 bytes).
    Removing app_freertos.o(.revsh_text), (4 bytes).
    Removing app_freertos.o(.rrx_text), (6 bytes).
    Removing app_datatime.o(.rev16_text), (4 bytes).
    Removing app_datatime.o(.revsh_text), (4 bytes).
    Removing app_datatime.o(.rrx_text), (6 bytes).
    Removing app_show.o(.rev16_text), (4 bytes).
    Removing app_show.o(.revsh_text), (4 bytes).
    Removing app_show.o(.rrx_text), (6 bytes).
    Removing app_switch.o(.rev16_text), (4 bytes).
    Removing app_switch.o(.revsh_text), (4 bytes).
    Removing app_switch.o(.rrx_text), (6 bytes).
    Removing inf_key.o(.rev16_text), (4 bytes).
    Removing inf_key.o(.revsh_text), (4 bytes).
    Removing inf_key.o(.rrx_text), (6 bytes).
    Removing inf_touch.o(.rev16_text), (4 bytes).
    Removing inf_touch.o(.revsh_text), (4 bytes).
    Removing inf_touch.o(.rrx_text), (6 bytes).
    Removing inf_mic.o(.rev16_text), (4 bytes).
    Removing inf_mic.o(.revsh_text), (4 bytes).
    Removing inf_mic.o(.rrx_text), (6 bytes).
    Removing inf_ds1302z.o(.rev16_text), (4 bytes).
    Removing inf_ds1302z.o(.revsh_text), (4 bytes).
    Removing inf_ds1302z.o(.rrx_text), (6 bytes).
    Removing inf_dht11.o(.rev16_text), (4 bytes).
    Removing inf_dht11.o(.revsh_text), (4 bytes).
    Removing inf_dht11.o(.rrx_text), (6 bytes).
    Removing inf_nv020d.o(.rev16_text), (4 bytes).
    Removing inf_nv020d.o(.revsh_text), (4 bytes).
    Removing inf_nv020d.o(.rrx_text), (6 bytes).
    Removing inf_nv020d.o(i.Inf_NV020D_Send_Byte), (152 bytes).
    Removing inf_nv020d.o(i.Inf_NV020D_Stop), (10 bytes).
    Removing inf_led.o(.rev16_text), (4 bytes).
    Removing inf_led.o(.revsh_text), (4 bytes).
    Removing inf_led.o(.rrx_text), (6 bytes).
    Removing inf_led.o(i.Inf_LED_Set_Clock), (160 bytes).
    Removing inf_led.o(i.Inf_led_time_set), (256 bytes).
    Removing inf_led.o(i.Inf_led_time_set_num), (168 bytes).
    Removing dadd.o(.text), (334 bytes).
    Removing dmul.o(.text), (228 bytes).
    Removing ddiv.o(.text), (222 bytes).
    Removing dfixul.o(.text), (48 bytes).
    Removing cdrcmple.o(.text), (48 bytes).
    Removing depilogue.o(.text), (186 bytes).

382 unused section(s) (total 26080 bytes) removed from the image.

==============================================================================

Image Symbol Table

    Local Symbols

    Symbol Name                              Value     Ov Type        Size  Object(Section)

    ../Core/Src/gpio.c                       0x00000000   Number         0  gpio.o ABSOLUTE
    ../Core/Src/main.c                       0x00000000   Number         0  main.o ABSOLUTE
    ../Core/Src/stm32f1xx_hal_msp.c          0x00000000   Number         0  stm32f1xx_hal_msp.o ABSOLUTE
    ../Core/Src/stm32f1xx_it.c               0x00000000   Number         0  stm32f1xx_it.o ABSOLUTE
    ../Core/Src/system_stm32f1xx.c           0x00000000   Number         0  system_stm32f1xx.o ABSOLUTE
    ../Core/Src/usart.c                      0x00000000   Number         0  usart.o ABSOLUTE
    ../Drivers/STM32F1xx_HAL_Driver/Src/stm32f1xx_hal.c 0x00000000   Number         0  stm32f1xx_hal.o ABSOLUTE
    ../Drivers/STM32F1xx_HAL_Driver/Src/stm32f1xx_hal_cortex.c 0x00000000   Number         0  stm32f1xx_hal_cortex.o ABSOLUTE
    ../Drivers/STM32F1xx_HAL_Driver/Src/stm32f1xx_hal_dma.c 0x00000000   Number         0  stm32f1xx_hal_dma.o ABSOLUTE
    ../Drivers/STM32F1xx_HAL_Driver/Src/stm32f1xx_hal_exti.c 0x00000000   Number         0  stm32f1xx_hal_exti.o ABSOLUTE
    ../Drivers/STM32F1xx_HAL_Driver/Src/stm32f1xx_hal_flash.c 0x00000000   Number         0  stm32f1xx_hal_flash.o ABSOLUTE
    ../Drivers/STM32F1xx_HAL_Driver/Src/stm32f1xx_hal_flash_ex.c 0x00000000   Number         0  stm32f1xx_hal_flash_ex.o ABSOLUTE
    ../Drivers/STM32F1xx_HAL_Driver/Src/stm32f1xx_hal_gpio.c 0x00000000   Number         0  stm32f1xx_hal_gpio.o ABSOLUTE
    ../Drivers/STM32F1xx_HAL_Driver/Src/stm32f1xx_hal_gpio_ex.c 0x00000000   Number         0  stm32f1xx_hal_gpio_ex.o ABSOLUTE
    ../Drivers/STM32F1xx_HAL_Driver/Src/stm32f1xx_hal_pwr.c 0x00000000   Number         0  stm32f1xx_hal_pwr.o ABSOLUTE
    ../Drivers/STM32F1xx_HAL_Driver/Src/stm32f1xx_hal_rcc.c 0x00000000   Number         0  stm32f1xx_hal_rcc.o ABSOLUTE
    ../Drivers/STM32F1xx_HAL_Driver/Src/stm32f1xx_hal_rcc_ex.c 0x00000000   Number         0  stm32f1xx_hal_rcc_ex.o ABSOLUTE
    ../Drivers/STM32F1xx_HAL_Driver/Src/stm32f1xx_hal_tim.c 0x00000000   Number         0  stm32f1xx_hal_tim.o ABSOLUTE
    ../Drivers/STM32F1xx_HAL_Driver/Src/stm32f1xx_hal_tim_ex.c 0x00000000   Number         0  stm32f1xx_hal_tim_ex.o ABSOLUTE
    ../Drivers/STM32F1xx_HAL_Driver/Src/stm32f1xx_hal_uart.c 0x00000000   Number         0  stm32f1xx_hal_uart.o ABSOLUTE
    ../clib/../cmprslib/zerorunl2.c          0x00000000   Number         0  __dczerorl2.o ABSOLUTE
    ../clib/microlib/division.c              0x00000000   Number         0  uidiv.o ABSOLUTE
    ../clib/microlib/division.c              0x00000000   Number         0  uldiv.o ABSOLUTE
    ../clib/microlib/init/entry.s            0x00000000   Number         0  entry10b.o ABSOLUTE
    ../clib/microlib/init/entry.s            0x00000000   Number         0  entry11b.o ABSOLUTE
    ../clib/microlib/init/entry.s            0x00000000   Number         0  entry.o ABSOLUTE
    ../clib/microlib/init/entry.s            0x00000000   Number         0  entry2.o ABSOLUTE
    ../clib/microlib/init/entry.s            0x00000000   Number         0  entry8a.o ABSOLUTE
    ../clib/microlib/init/entry.s            0x00000000   Number         0  entry7b.o ABSOLUTE
    ../clib/microlib/init/entry.s            0x00000000   Number         0  entry5.o ABSOLUTE
    ../clib/microlib/init/entry.s            0x00000000   Number         0  entry8b.o ABSOLUTE
    ../clib/microlib/init/entry.s            0x00000000   Number         0  entry9a.o ABSOLUTE
    ../clib/microlib/init/entry.s            0x00000000   Number         0  entry9b.o ABSOLUTE
    ../clib/microlib/init/entry.s            0x00000000   Number         0  entry10a.o ABSOLUTE
    ../clib/microlib/init/entry.s            0x00000000   Number         0  entry7a.o ABSOLUTE
    ../clib/microlib/init/entry.s            0x00000000   Number         0  entry11a.o ABSOLUTE
    ../clib/microlib/longlong.c              0x00000000   Number         0  llshl.o ABSOLUTE
    ../clib/microlib/longlong.c              0x00000000   Number         0  llsshr.o ABSOLUTE
    ../clib/microlib/longlong.c              0x00000000   Number         0  llushr.o ABSOLUTE
    ../clib/microlib/printf/printf.c         0x00000000   Number         0  printf2.o ABSOLUTE
    ../clib/microlib/printf/printf.c         0x00000000   Number         0  printfb.o ABSOLUTE
    ../clib/microlib/printf/printf.c         0x00000000   Number         0  printf0.o ABSOLUTE
    ../clib/microlib/printf/printf.c         0x00000000   Number         0  printf1.o ABSOLUTE
    ../clib/microlib/printf/printf.c         0x00000000   Number         0  printf3.o ABSOLUTE
    ../clib/microlib/printf/printf.c         0x00000000   Number         0  printfa.o ABSOLUTE
    ../clib/microlib/printf/printf.c         0x00000000   Number         0  printf4.o ABSOLUTE
    ../clib/microlib/printf/printf.c         0x00000000   Number         0  printf5.o ABSOLUTE
    ../clib/microlib/printf/printf.c         0x00000000   Number         0  printf6.o ABSOLUTE
    ../clib/microlib/printf/printf.c         0x00000000   Number         0  printf7.o ABSOLUTE
    ../clib/microlib/printf/printf.c         0x00000000   Number         0  printf8.o ABSOLUTE
    ../clib/microlib/printf/stubs.s          0x00000000   Number         0  stubs.o ABSOLUTE
    ../clib/microlib/stdio/streams.c         0x00000000   Number         0  stdout.o ABSOLUTE
    ../clib/microlib/string/memcpy.c         0x00000000   Number         0  memcpyb.o ABSOLUTE
    ../clib/microlib/string/memcpy.c         0x00000000   Number         0  memcpya.o ABSOLUTE
    ../clib/microlib/string/memset.c         0x00000000   Number         0  memseta.o ABSOLUTE
    ../clib/microlib/stubs.s                 0x00000000   Number         0  iusefp.o ABSOLUTE
    ../fplib/microlib/fpadd.c                0x00000000   Number         0  dadd.o ABSOLUTE
    ../fplib/microlib/fpdiv.c                0x00000000   Number         0  ddiv.o ABSOLUTE
    ../fplib/microlib/fpepilogue.c           0x00000000   Number         0  depilogue.o ABSOLUTE
    ../fplib/microlib/fpfix.c                0x00000000   Number         0  dfixul.o ABSOLUTE
    ../fplib/microlib/fpmul.c                0x00000000   Number         0  dmul.o ABSOLUTE
    ..\Core\Src\gpio.c                       0x00000000   Number         0  gpio.o ABSOLUTE
    ..\Core\Src\main.c                       0x00000000   Number         0  main.o ABSOLUTE
    ..\Core\Src\stm32f1xx_hal_msp.c          0x00000000   Number         0  stm32f1xx_hal_msp.o ABSOLUTE
    ..\Core\Src\stm32f1xx_it.c               0x00000000   Number         0  stm32f1xx_it.o ABSOLUTE
    ..\Core\Src\system_stm32f1xx.c           0x00000000   Number         0  system_stm32f1xx.o ABSOLUTE
    ..\Core\Src\usart.c                      0x00000000   Number         0  usart.o ABSOLUTE
    ..\Drivers\STM32F1xx_HAL_Driver\Src\stm32f1xx_hal.c 0x00000000   Number         0  stm32f1xx_hal.o ABSOLUTE
    ..\Drivers\STM32F1xx_HAL_Driver\Src\stm32f1xx_hal_cortex.c 0x00000000   Number         0  stm32f1xx_hal_cortex.o ABSOLUTE
    ..\Drivers\STM32F1xx_HAL_Driver\Src\stm32f1xx_hal_dma.c 0x00000000   Number         0  stm32f1xx_hal_dma.o ABSOLUTE
    ..\Drivers\STM32F1xx_HAL_Driver\Src\stm32f1xx_hal_exti.c 0x00000000   Number         0  stm32f1xx_hal_exti.o ABSOLUTE
    ..\Drivers\STM32F1xx_HAL_Driver\Src\stm32f1xx_hal_flash.c 0x00000000   Number         0  stm32f1xx_hal_flash.o ABSOLUTE
    ..\Drivers\STM32F1xx_HAL_Driver\Src\stm32f1xx_hal_flash_ex.c 0x00000000   Number         0  stm32f1xx_hal_flash_ex.o ABSOLUTE
    ..\Drivers\STM32F1xx_HAL_Driver\Src\stm32f1xx_hal_gpio.c 0x00000000   Number         0  stm32f1xx_hal_gpio.o ABSOLUTE
    ..\Drivers\STM32F1xx_HAL_Driver\Src\stm32f1xx_hal_gpio_ex.c 0x00000000   Number         0  stm32f1xx_hal_gpio_ex.o ABSOLUTE
    ..\Drivers\STM32F1xx_HAL_Driver\Src\stm32f1xx_hal_pwr.c 0x00000000   Number         0  stm32f1xx_hal_pwr.o ABSOLUTE
    ..\Drivers\STM32F1xx_HAL_Driver\Src\stm32f1xx_hal_rcc.c 0x00000000   Number         0  stm32f1xx_hal_rcc.o ABSOLUTE
    ..\Drivers\STM32F1xx_HAL_Driver\Src\stm32f1xx_hal_rcc_ex.c 0x00000000   Number         0  stm32f1xx_hal_rcc_ex.o ABSOLUTE
    ..\Drivers\STM32F1xx_HAL_Driver\Src\stm32f1xx_hal_tim.c 0x00000000   Number         0  stm32f1xx_hal_tim.o ABSOLUTE
    ..\Drivers\STM32F1xx_HAL_Driver\Src\stm32f1xx_hal_tim_ex.c 0x00000000   Number         0  stm32f1xx_hal_tim_ex.o ABSOLUTE
    ..\Drivers\STM32F1xx_HAL_Driver\Src\stm32f1xx_hal_uart.c 0x00000000   Number         0  stm32f1xx_hal_uart.o ABSOLUTE
    application\App_dataTime.c               0x00000000   Number         0  app_datatime.o ABSOLUTE
    application\App_freeRTOS.c               0x00000000   Number         0  app_freertos.o ABSOLUTE
    application\App_show.c                   0x00000000   Number         0  app_show.o ABSOLUTE
    application\App_switch.c                 0x00000000   Number         0  app_switch.o ABSOLUTE
    application\\App_dataTime.c              0x00000000   Number         0  app_datatime.o ABSOLUTE
    application\\App_freeRTOS.c              0x00000000   Number         0  app_freertos.o ABSOLUTE
    application\\App_show.c                  0x00000000   Number         0  app_show.o ABSOLUTE
    application\\App_switch.c                0x00000000   Number         0  app_switch.o ABSOLUTE
    cdrcmple.s                               0x00000000   Number         0  cdrcmple.o ABSOLUTE
    common\Com_debug.c                       0x00000000   Number         0  com_debug.o ABSOLUTE
    common\\Com_debug.c                      0x00000000   Number         0  com_debug.o ABSOLUTE
    dc.s                                     0x00000000   Number         0  dc.o ABSOLUTE
    freeRTOS\\portable\\port.c               0x00000000   Number         0  port.o ABSOLUTE
    freeRTOS\portable\heap_4.c               0x00000000   Number         0  heap_4.o ABSOLUTE
    freeRTOS\portable\port.c                 0x00000000   Number         0  port.o ABSOLUTE
    freeRTOS\source\croutine.c               0x00000000   Number         0  croutine.o ABSOLUTE
    freeRTOS\source\event_groups.c           0x00000000   Number         0  event_groups.o ABSOLUTE
    freeRTOS\source\list.c                   0x00000000   Number         0  list.o ABSOLUTE
    freeRTOS\source\queue.c                  0x00000000   Number         0  queue.o ABSOLUTE
    freeRTOS\source\stream_buffer.c          0x00000000   Number         0  stream_buffer.o ABSOLUTE
    freeRTOS\source\tasks.c                  0x00000000   Number         0  tasks.o ABSOLUTE
    freeRTOS\source\timers.c                 0x00000000   Number         0  timers.o ABSOLUTE
    handlers.s                               0x00000000   Number         0  handlers.o ABSOLUTE
    init.s                                   0x00000000   Number         0  init.o ABSOLUTE
    interface\Inf_DHT11.c                    0x00000000   Number         0  inf_dht11.o ABSOLUTE
    interface\Inf_DS1302Z.c                  0x00000000   Number         0  inf_ds1302z.o ABSOLUTE
    interface\Inf_NV020D.c                   0x00000000   Number         0  inf_nv020d.o ABSOLUTE
    interface\Inf_Touch.c                    0x00000000   Number         0  inf_touch.o ABSOLUTE
    interface\Inf_key.c                      0x00000000   Number         0  inf_key.o ABSOLUTE
    interface\Inf_led.c                      0x00000000   Number         0  inf_led.o ABSOLUTE
    interface\Inf_mic.c                      0x00000000   Number         0  inf_mic.o ABSOLUTE
    interface\\Inf_DHT11.c                   0x00000000   Number         0  inf_dht11.o ABSOLUTE
    interface\\Inf_DS1302Z.c                 0x00000000   Number         0  inf_ds1302z.o ABSOLUTE
    interface\\Inf_NV020D.c                  0x00000000   Number         0  inf_nv020d.o ABSOLUTE
    interface\\Inf_Touch.c                   0x00000000   Number         0  inf_touch.o ABSOLUTE
    interface\\Inf_key.c                     0x00000000   Number         0  inf_key.o ABSOLUTE
    interface\\Inf_led.c                     0x00000000   Number         0  inf_led.o ABSOLUTE
    interface\\Inf_mic.c                     0x00000000   Number         0  inf_mic.o ABSOLUTE
    startup_stm32f103xb.s                    0x00000000   Number         0  startup_stm32f103xb.o ABSOLUTE
    RESET                                    0x08000000   Section      236  startup_stm32f103xb.o(RESET)
    .ARM.Collect$$$$00000000                 0x080000ec   Section        0  entry.o(.ARM.Collect$$$$00000000)
    .ARM.Collect$$$$00000001                 0x080000ec   Section        4  entry2.o(.ARM.Collect$$$$00000001)
    .ARM.Collect$$$$00000004                 0x080000f0   Section        4  entry5.o(.ARM.Collect$$$$00000004)
    .ARM.Collect$$$$00000008                 0x080000f4   Section        0  entry7b.o(.ARM.Collect$$$$00000008)
    .ARM.Collect$$$$0000000A                 0x080000f4   Section        0  entry8b.o(.ARM.Collect$$$$0000000A)
    .ARM.Collect$$$$0000000B                 0x080000f4   Section        8  entry9a.o(.ARM.Collect$$$$0000000B)
    .ARM.Collect$$$$0000000D                 0x080000fc   Section        0  entry10a.o(.ARM.Collect$$$$0000000D)
    .ARM.Collect$$$$0000000F                 0x080000fc   Section        0  entry11a.o(.ARM.Collect$$$$0000000F)
    .ARM.Collect$$$$00002712                 0x080000fc   Section        4  entry2.o(.ARM.Collect$$$$00002712)
    __lit__00000000                          0x080000fc   Data           4  entry2.o(.ARM.Collect$$$$00002712)
    .emb_text                                0x08000100   Section      150  port.o(.emb_text)
    .text                                    0x08000198   Section       36  startup_stm32f103xb.o(.text)
    .text                                    0x080001bc   Section        0  memseta.o(.text)
    .text                                    0x080001e0   Section        0  uidiv.o(.text)
    .text                                    0x0800020c   Section       36  init.o(.text)
    .text                                    0x08000230   Section        0  __dczerorl2.o(.text)
    i.App_dataTime_get                       0x08000286   Section        0  app_datatime.o(i.App_dataTime_get)
    i.App_dataTime_set                       0x08000380   Section        0  app_datatime.o(i.App_dataTime_set)
    i.App_freeRTOS_Init                      0x08000540   Section        0  app_freertos.o(i.App_freeRTOS_Init)
    i.App_show_Init                          0x080005fc   Section        0  app_show.o(i.App_show_Init)
    i.App_show_Normal                        0x08000610   Section        0  app_show.o(i.App_show_Normal)
    i.App_show_alarm_set                     0x0800068c   Section        0  app_show.o(i.App_show_alarm_set)
    i.App_show_time_set                      0x08000778   Section        0  app_show.o(i.App_show_time_set)
    i.App_switch_alarm_set_process           0x080008cc   Section        0  app_switch.o(i.App_switch_alarm_set_process)
    i.App_switch_key_process                 0x08000af0   Section        0  app_switch.o(i.App_switch_key_process)
    i.App_switch_rotary_process              0x08000c10   Section        0  app_switch.o(i.App_switch_rotary_process)
    i.App_switch_time_set_process            0x08000c90   Section        0  app_switch.o(i.App_switch_time_set_process)
    i.BusFault_Handler                       0x08000e4c   Section        0  stm32f1xx_it.o(i.BusFault_Handler)
    i.DebugMon_Handler                       0x08000e50   Section        0  stm32f1xx_it.o(i.DebugMon_Handler)
    i.Error_Handler                          0x08000e52   Section        0  main.o(i.Error_Handler)
    i.HAL_GPIO_Init                          0x08000e58   Section        0  stm32f1xx_hal_gpio.o(i.HAL_GPIO_Init)
    i.HAL_GPIO_ReadPin                       0x08001178   Section        0  stm32f1xx_hal_gpio.o(i.HAL_GPIO_ReadPin)
    i.HAL_GPIO_WritePin                      0x08001188   Section        0  stm32f1xx_hal_gpio.o(i.HAL_GPIO_WritePin)
    i.HAL_GetTick                            0x08001194   Section        0  stm32f1xx_hal.o(i.HAL_GetTick)
    i.HAL_IncTick                            0x080011a0   Section        0  stm32f1xx_hal.o(i.HAL_IncTick)
    i.HAL_Init                               0x080011b8   Section        0  stm32f1xx_hal.o(i.HAL_Init)
    i.HAL_InitTick                           0x080011e0   Section        0  stm32f1xx_hal.o(i.HAL_InitTick)
    i.HAL_MspInit                            0x0800122c   Section        0  stm32f1xx_hal_msp.o(i.HAL_MspInit)
    i.HAL_NVIC_SetPriority                   0x08001280   Section        0  stm32f1xx_hal_cortex.o(i.HAL_NVIC_SetPriority)
    i.HAL_NVIC_SetPriorityGrouping           0x080012fc   Section        0  stm32f1xx_hal_cortex.o(i.HAL_NVIC_SetPriorityGrouping)
    i.HAL_RCC_ClockConfig                    0x08001324   Section        0  stm32f1xx_hal_rcc.o(i.HAL_RCC_ClockConfig)
    i.HAL_RCC_GetHCLKFreq                    0x080014b0   Section        0  stm32f1xx_hal_rcc.o(i.HAL_RCC_GetHCLKFreq)
    i.HAL_RCC_GetPCLK1Freq                   0x080014bc   Section        0  stm32f1xx_hal_rcc.o(i.HAL_RCC_GetPCLK1Freq)
    i.HAL_RCC_GetPCLK2Freq                   0x080014dc   Section        0  stm32f1xx_hal_rcc.o(i.HAL_RCC_GetPCLK2Freq)
    i.HAL_RCC_GetSysClockFreq                0x080014fc   Section        0  stm32f1xx_hal_rcc.o(i.HAL_RCC_GetSysClockFreq)
    i.HAL_RCC_OscConfig                      0x0800156c   Section        0  stm32f1xx_hal_rcc.o(i.HAL_RCC_OscConfig)
    i.HAL_SYSTICK_Config                     0x080019d0   Section        0  stm32f1xx_hal_cortex.o(i.HAL_SYSTICK_Config)
    i.HAL_UART_Init                          0x08001a04   Section        0  stm32f1xx_hal_uart.o(i.HAL_UART_Init)
    i.HAL_UART_MspInit                       0x08001a7c   Section        0  usart.o(i.HAL_UART_MspInit)
    i.HAL_UART_Transmit                      0x08001b04   Section        0  stm32f1xx_hal_uart.o(i.HAL_UART_Transmit)
    i.HardFault_Handler                      0x08001bc2   Section        0  stm32f1xx_it.o(i.HardFault_Handler)
    i.Inf_DHT11_Get_Temp_Humi                0x08001bc8   Section        0  inf_dht11.o(i.Inf_DHT11_Get_Temp_Humi)
    i.Inf_DHT11_Init                         0x08001d70   Section        0  inf_dht11.o(i.Inf_DHT11_Init)
    i.Inf_DS1302Z_ReadReg                    0x08001d8c   Section        0  inf_ds1302z.o(i.Inf_DS1302Z_ReadReg)
    i.Inf_DS1302Z_WriteReg                   0x08001e4c   Section        0  inf_ds1302z.o(i.Inf_DS1302Z_WriteReg)
    i.Inf_Delay_Us                           0x08001f14   Section        0  inf_ds1302z.o(i.Inf_Delay_Us)
    i.Inf_LED_Start                          0x08001f24   Section        0  inf_led.o(i.Inf_LED_Start)
    i.Inf_LED_Stop                           0x08001f38   Section        0  inf_led.o(i.Inf_LED_Stop)
    i.Inf_LED_Write                          0x08001f54   Section        0  inf_led.o(i.Inf_LED_Write)
    i.Inf_NV020D_Init                        0x08001ff8   Section        0  inf_nv020d.o(i.Inf_NV020D_Init)
    i.Inf_NV020D_Send_Command                0x08002004   Section        0  inf_nv020d.o(i.Inf_NV020D_Send_Command)
    i.Inf_NV020D_Set_Volume                  0x08002098   Section        0  inf_nv020d.o(i.Inf_NV020D_Set_Volume)
    i.Inf_get_key_press                      0x080020ae   Section        0  inf_key.o(i.Inf_get_key_press)
    i.Inf_get_key_value                      0x080020ec   Section        0  inf_key.o(i.Inf_get_key_value)
    i.Inf_get_led_on_value                   0x080021d0   Section        0  inf_key.o(i.Inf_get_led_on_value)
    i.Inf_get_light_value                    0x080021ec   Section        0  inf_key.o(i.Inf_get_light_value)
    i.Inf_get_mic_value                      0x08002208   Section        0  inf_mic.o(i.Inf_get_mic_value)
    i.Inf_get_touch_value                    0x08002224   Section        0  inf_touch.o(i.Inf_get_touch_value)
    i.Inf_led_set_all                        0x08002268   Section        0  inf_led.o(i.Inf_led_set_all)
    i.MX_GPIO_Init                           0x08002464   Section        0  gpio.o(i.MX_GPIO_Init)
    i.MX_USART1_UART_Init                    0x080025c0   Section        0  usart.o(i.MX_USART1_UART_Init)
    i.MemManage_Handler                      0x080025f8   Section        0  stm32f1xx_it.o(i.MemManage_Handler)
    i.NMI_Handler                            0x080025fc   Section        0  stm32f1xx_it.o(i.NMI_Handler)
    i.RCC_Delay                              0x08002600   Section        0  stm32f1xx_hal_rcc.o(i.RCC_Delay)
    RCC_Delay                                0x08002601   Thumb Code    36  stm32f1xx_hal_rcc.o(i.RCC_Delay)
    i.SysTick_Handler                        0x08002628   Section        0  stm32f1xx_it.o(i.SysTick_Handler)
    i.SystemClock_Config                     0x0800263c   Section        0  main.o(i.SystemClock_Config)
    i.SystemInit                             0x080026a2   Section        0  system_stm32f1xx.o(i.SystemInit)
    i.UART_EndRxTransfer                     0x080026a4   Section        0  stm32f1xx_hal_uart.o(i.UART_EndRxTransfer)
    UART_EndRxTransfer                       0x080026a5   Thumb Code   108  stm32f1xx_hal_uart.o(i.UART_EndRxTransfer)
    i.UART_SetConfig                         0x08002710   Section        0  stm32f1xx_hal_uart.o(i.UART_SetConfig)
    UART_SetConfig                           0x08002711   Thumb Code   248  stm32f1xx_hal_uart.o(i.UART_SetConfig)
    i.UART_WaitOnFlagUntilTimeout            0x0800280c   Section        0  stm32f1xx_hal_uart.o(i.UART_WaitOnFlagUntilTimeout)
    UART_WaitOnFlagUntilTimeout              0x0800280d   Thumb Code   140  stm32f1xx_hal_uart.o(i.UART_WaitOnFlagUntilTimeout)
    i.UsageFault_Handler                     0x08002898   Section        0  stm32f1xx_it.o(i.UsageFault_Handler)
    i.__0printf$3                            0x0800289c   Section        0  printf3.o(i.__0printf$3)
    i.__NVIC_GetPriorityGrouping             0x080028bc   Section        0  stm32f1xx_hal_cortex.o(i.__NVIC_GetPriorityGrouping)
    __NVIC_GetPriorityGrouping               0x080028bd   Thumb Code    10  stm32f1xx_hal_cortex.o(i.__NVIC_GetPriorityGrouping)
    i.__NVIC_SetPriority                     0x080028cc   Section        0  stm32f1xx_hal_cortex.o(i.__NVIC_SetPriority)
    __NVIC_SetPriority                       0x080028cd   Thumb Code    32  stm32f1xx_hal_cortex.o(i.__NVIC_SetPriority)
    i.__scatterload_copy                     0x080028f4   Section       14  handlers.o(i.__scatterload_copy)
    i.__scatterload_null                     0x08002902   Section        2  handlers.o(i.__scatterload_null)
    i.__scatterload_zeroinit                 0x08002904   Section       14  handlers.o(i.__scatterload_zeroinit)
    i._printf_core                           0x08002914   Section        0  printf3.o(i._printf_core)
    _printf_core                             0x08002915   Thumb Code   436  printf3.o(i._printf_core)
    i.fputc                                  0x08002acc   Section        0  com_debug.o(i.fputc)
    i.main                                   0x08002ae8   Section        0  main.o(i.main)
    i.prvAddCurrentTaskToDelayedList         0x08002b00   Section        0  tasks.o(i.prvAddCurrentTaskToDelayedList)
    prvAddCurrentTaskToDelayedList           0x08002b01   Thumb Code   164  tasks.o(i.prvAddCurrentTaskToDelayedList)
    i.prvAddNewTaskToReadyList               0x08002bc0   Section        0  tasks.o(i.prvAddNewTaskToReadyList)
    prvAddNewTaskToReadyList                 0x08002bc1   Thumb Code   200  tasks.o(i.prvAddNewTaskToReadyList)
    i.prvCheckTasksWaitingTermination        0x08002ca4   Section        0  tasks.o(i.prvCheckTasksWaitingTermination)
    prvCheckTasksWaitingTermination          0x08002ca5   Thumb Code    60  tasks.o(i.prvCheckTasksWaitingTermination)
    i.prvDeleteTCB                           0x08002cec   Section        0  tasks.o(i.prvDeleteTCB)
    prvDeleteTCB                             0x08002ced   Thumb Code    18  tasks.o(i.prvDeleteTCB)
    i.prvHeapInit                            0x08002d00   Section        0  heap_4.o(i.prvHeapInit)
    prvHeapInit                              0x08002d01   Thumb Code    90  heap_4.o(i.prvHeapInit)
    i.prvIdleTask                            0x08002d70   Section        0  tasks.o(i.prvIdleTask)
    prvIdleTask                              0x08002d71   Thumb Code    32  tasks.o(i.prvIdleTask)
    i.prvInitialiseNewTask                   0x08002d98   Section        0  tasks.o(i.prvInitialiseNewTask)
    prvInitialiseNewTask                     0x08002d99   Thumb Code   122  tasks.o(i.prvInitialiseNewTask)
    i.prvInitialiseTaskLists                 0x08002e14   Section        0  tasks.o(i.prvInitialiseTaskLists)
    prvInitialiseTaskLists                   0x08002e15   Thumb Code    70  tasks.o(i.prvInitialiseTaskLists)
    i.prvInsertBlockIntoFreeList             0x08002e7c   Section        0  heap_4.o(i.prvInsertBlockIntoFreeList)
    prvInsertBlockIntoFreeList               0x08002e7d   Thumb Code    96  heap_4.o(i.prvInsertBlockIntoFreeList)
    i.prvResetNextTaskUnblockTime            0x08002ee4   Section        0  tasks.o(i.prvResetNextTaskUnblockTime)
    prvResetNextTaskUnblockTime              0x08002ee5   Thumb Code    40  tasks.o(i.prvResetNextTaskUnblockTime)
    i.prvTaskExitError                       0x08002f14   Section        0  port.o(i.prvTaskExitError)
    prvTaskExitError                         0x08002f15   Thumb Code    22  port.o(i.prvTaskExitError)
    i.pvPortMalloc                           0x08002f2c   Section        0  heap_4.o(i.pvPortMalloc)
    i.pxPortInitialiseStack                  0x08003010   Section        0  port.o(i.pxPortInitialiseStack)
    i.task_alarm                             0x08003034   Section        0  app_freertos.o(i.task_alarm)
    i.task_collect                           0x0800318c   Section        0  app_freertos.o(i.task_collect)
    i.task_show                              0x080031d0   Section        0  app_freertos.o(i.task_show)
    i.task_switch                            0x0800325c   Section        0  app_freertos.o(i.task_switch)
    i.task_volume                            0x080032c0   Section        0  app_freertos.o(i.task_volume)
    i.uxListRemove                           0x0800336c   Section        0  list.o(i.uxListRemove)
    i.vListInitialise                        0x08003394   Section        0  list.o(i.vListInitialise)
    i.vListInitialiseItem                    0x080033ae   Section        0  list.o(i.vListInitialiseItem)
    i.vListInsert                            0x080033b4   Section        0  list.o(i.vListInsert)
    i.vPortEnterCritical                     0x080033e8   Section        0  port.o(i.vPortEnterCritical)
    i.vPortExitCritical                      0x0800340c   Section        0  port.o(i.vPortExitCritical)
    i.vPortFree                              0x0800342c   Section        0  heap_4.o(i.vPortFree)
    i.vPortSetupTimerInterrupt               0x08003478   Section        0  port.o(i.vPortSetupTimerInterrupt)
    i.vTaskDelay                             0x08003490   Section        0  tasks.o(i.vTaskDelay)
    i.vTaskStartScheduler                    0x080034c4   Section        0  tasks.o(i.vTaskStartScheduler)
    i.vTaskSuspendAll                        0x08003530   Section        0  tasks.o(i.vTaskSuspendAll)
    i.vTaskSwitchContext                     0x08003540   Section        0  tasks.o(i.vTaskSwitchContext)
    i.xPortStartScheduler                    0x080035a0   Section        0  port.o(i.xPortStartScheduler)
    i.xPortSysTickHandler                    0x080035d4   Section        0  port.o(i.xPortSysTickHandler)
    i.xTaskCreate                            0x08003608   Section        0  tasks.o(i.xTaskCreate)
    i.xTaskGetSchedulerState                 0x08003670   Section        0  tasks.o(i.xTaskGetSchedulerState)
    i.xTaskGetTickCount                      0x08003690   Section        0  tasks.o(i.xTaskGetTickCount)
    i.xTaskIncrementTick                     0x0800369c   Section        0  tasks.o(i.xTaskIncrementTick)
    i.xTaskResumeAll                         0x0800382c   Section        0  tasks.o(i.xTaskResumeAll)
    .constdata                               0x08003988   Section       18  stm32f1xx_hal_rcc.o(.constdata)
    aPLLMULFactorTable                       0x08003988   Data          16  stm32f1xx_hal_rcc.o(.constdata)
    aPredivFactorTable                       0x08003998   Data           2  stm32f1xx_hal_rcc.o(.constdata)
    .constdata                               0x0800399a   Section       24  system_stm32f1xx.o(.constdata)
    .data                                    0x20000000   Section        9  stm32f1xx_hal.o(.data)
    .data                                    0x2000000c   Section        4  system_stm32f1xx.o(.data)
    .data                                    0x20000010   Section       64  tasks.o(.data)
    pxDelayedTaskList                        0x20000014   Data           4  tasks.o(.data)
    pxOverflowDelayedTaskList                0x20000018   Data           4  tasks.o(.data)
    uxDeletedTasksWaitingCleanUp             0x2000001c   Data           4  tasks.o(.data)
    uxCurrentNumberOfTasks                   0x20000020   Data           4  tasks.o(.data)
    xTickCount                               0x20000024   Data           4  tasks.o(.data)
    uxTopReadyPriority                       0x20000028   Data           4  tasks.o(.data)
    xSchedulerRunning                        0x2000002c   Data           4  tasks.o(.data)
    xPendedTicks                             0x20000030   Data           4  tasks.o(.data)
    xYieldPending                            0x20000034   Data           4  tasks.o(.data)
    xNumOfOverflows                          0x20000038   Data           4  tasks.o(.data)
    uxTaskNumber                             0x2000003c   Data           4  tasks.o(.data)
    xNextTaskUnblockTime                     0x20000040   Data           4  tasks.o(.data)
    xIdleTaskHandle                          0x20000044   Data           4  tasks.o(.data)
    uxSchedulerSuspended                     0x2000004c   Data           4  tasks.o(.data)
    .data                                    0x20000050   Section       28  heap_4.o(.data)
    xStart                                   0x20000050   Data           8  heap_4.o(.data)
    pxEnd                                    0x20000058   Data           4  heap_4.o(.data)
    xFreeBytesRemaining                      0x2000005c   Data           4  heap_4.o(.data)
    xMinimumEverFreeBytesRemaining           0x20000060   Data           4  heap_4.o(.data)
    xNumberOfSuccessfulAllocations           0x20000064   Data           4  heap_4.o(.data)
    xNumberOfSuccessfulFrees                 0x20000068   Data           4  heap_4.o(.data)
    .data                                    0x2000006c   Section        4  port.o(.data)
    uxCriticalNesting                        0x2000006c   Data           4  port.o(.data)
    .data                                    0x20000070   Section       52  app_freertos.o(.data)
    .data                                    0x200000a4   Section        8  app_show.o(.data)
    .data                                    0x200000ac   Section        8  app_switch.o(.data)
    .data                                    0x200000b4   Section        5  inf_dht11.o(.data)
    .data                                    0x200000bc   Section      153  inf_led.o(.data)
    .data                                    0x20000158   Section        4  stdout.o(.data)
    .bss                                     0x2000015c   Section       72  usart.o(.bss)
    .bss                                     0x200001a4   Section      200  tasks.o(.bss)
    pxReadyTasksLists                        0x200001a4   Data         100  tasks.o(.bss)
    xDelayedTaskList1                        0x20000208   Data          20  tasks.o(.bss)
    xDelayedTaskList2                        0x2000021c   Data          20  tasks.o(.bss)
    xPendingReadyList                        0x20000230   Data          20  tasks.o(.bss)
    xTasksWaitingTermination                 0x20000244   Data          20  tasks.o(.bss)
    xSuspendedTaskList                       0x20000258   Data          20  tasks.o(.bss)
    .bss                                     0x2000026c   Section    17408  heap_4.o(.bss)
    ucHeap                                   0x2000026c   Data       17408  heap_4.o(.bss)
    .bss                                     0x2000466c   Section       10  app_freertos.o(.bss)
    STACK                                    0x20004678   Section     1024  startup_stm32f103xb.o(STACK)

    Global Symbols

    Symbol Name                              Value     Ov Type        Size  Object(Section)

    BuildAttributes$$THM_ISAv4$P$D$K$B$S$PE$A:L22UL41UL21$X:L11$S22US41US21$IEEE1$IW$USESV6$~STKCKD$USESV7$~SHL$OSPACE$ROPI$EBA8$MICROLIB$REQ8$PRES8$EABIv2 0x00000000   Number         0  anon$$obj.o ABSOLUTE
    __ARM_use_no_argv                        0x00000000   Number         0  main.o ABSOLUTE
    _printf_a                                0x00000000   Number         0  stubs.o ABSOLUTE
    _printf_c                                0x00000000   Number         0  stubs.o ABSOLUTE
    _printf_charcount                        0x00000000   Number         0  stubs.o ABSOLUTE
    _printf_d                                0x00000000   Number         0  stubs.o ABSOLUTE
    _printf_e                                0x00000000   Number         0  stubs.o ABSOLUTE
    _printf_f                                0x00000000   Number         0  stubs.o ABSOLUTE
    _printf_flags                            0x00000000   Number         0  stubs.o ABSOLUTE
    _printf_fp_dec                           0x00000000   Number         0  stubs.o ABSOLUTE
    _printf_fp_hex                           0x00000000   Number         0  stubs.o ABSOLUTE
    _printf_g                                0x00000000   Number         0  stubs.o ABSOLUTE
    _printf_i                                0x00000000   Number         0  stubs.o ABSOLUTE
    _printf_int_dec                          0x00000000   Number         0  stubs.o ABSOLUTE
    _printf_l                                0x00000000   Number         0  stubs.o ABSOLUTE
    _printf_lc                               0x00000000   Number         0  stubs.o ABSOLUTE
    _printf_ll                               0x00000000   Number         0  stubs.o ABSOLUTE
    _printf_lld                              0x00000000   Number         0  stubs.o ABSOLUTE
    _printf_lli                              0x00000000   Number         0  stubs.o ABSOLUTE
    _printf_llo                              0x00000000   Number         0  stubs.o ABSOLUTE
    _printf_llu                              0x00000000   Number         0  stubs.o ABSOLUTE
    _printf_llx                              0x00000000   Number         0  stubs.o ABSOLUTE
    _printf_longlong_dec                     0x00000000   Number         0  stubs.o ABSOLUTE
    _printf_longlong_hex                     0x00000000   Number         0  stubs.o ABSOLUTE
    _printf_longlong_oct                     0x00000000   Number         0  stubs.o ABSOLUTE
    _printf_ls                               0x00000000   Number         0  stubs.o ABSOLUTE
    _printf_mbtowc                           0x00000000   Number         0  stubs.o ABSOLUTE
    _printf_n                                0x00000000   Number         0  stubs.o ABSOLUTE
    _printf_o                                0x00000000   Number         0  stubs.o ABSOLUTE
    _printf_p                                0x00000000   Number         0  stubs.o ABSOLUTE
    _printf_percent                          0x00000000   Number         0  stubs.o ABSOLUTE
    _printf_pre_padding                      0x00000000   Number         0  stubs.o ABSOLUTE
    _printf_return_value                     0x00000000   Number         0  stubs.o ABSOLUTE
    _printf_s                                0x00000000   Number         0  stubs.o ABSOLUTE
    _printf_sizespec                         0x00000000   Number         0  stubs.o ABSOLUTE
    _printf_str                              0x00000000   Number         0  stubs.o ABSOLUTE
    _printf_truncate_signed                  0x00000000   Number         0  stubs.o ABSOLUTE
    _printf_truncate_unsigned                0x00000000   Number         0  stubs.o ABSOLUTE
    _printf_u                                0x00000000   Number         0  stubs.o ABSOLUTE
    _printf_wc                               0x00000000   Number         0  stubs.o ABSOLUTE
    _printf_wctomb                           0x00000000   Number         0  stubs.o ABSOLUTE
    _printf_widthprec                        0x00000000   Number         0  stubs.o ABSOLUTE
    _printf_x                                0x00000000   Number         0  stubs.o ABSOLUTE
    __cpp_initialize__aeabi_                  - Undefined Weak Reference
    __cxa_finalize                            - Undefined Weak Reference
    _clock_init                               - Undefined Weak Reference
    _microlib_exit                            - Undefined Weak Reference
    __Vectors_Size                           0x000000ec   Number         0  startup_stm32f103xb.o ABSOLUTE
    __Vectors                                0x08000000   Data           4  startup_stm32f103xb.o(RESET)
    __Vectors_End                            0x080000ec   Data           0  startup_stm32f103xb.o(RESET)
    __main                                   0x080000ed   Thumb Code     0  entry.o(.ARM.Collect$$$$00000000)
    _main_stk                                0x080000ed   Thumb Code     0  entry2.o(.ARM.Collect$$$$00000001)
    _main_scatterload                        0x080000f1   Thumb Code     0  entry5.o(.ARM.Collect$$$$00000004)
    __main_after_scatterload                 0x080000f5   Thumb Code     0  entry5.o(.ARM.Collect$$$$00000004)
    _main_clock                              0x080000f5   Thumb Code     0  entry7b.o(.ARM.Collect$$$$00000008)
    _main_cpp_init                           0x080000f5   Thumb Code     0  entry8b.o(.ARM.Collect$$$$0000000A)
    _main_init                               0x080000f5   Thumb Code     0  entry9a.o(.ARM.Collect$$$$0000000B)
    __rt_final_cpp                           0x080000fd   Thumb Code     0  entry10a.o(.ARM.Collect$$$$0000000D)
    __rt_final_exit                          0x080000fd   Thumb Code     0  entry11a.o(.ARM.Collect$$$$0000000F)
    SVC_Handler                              0x08000101   Thumb Code    32  port.o(.emb_text)
    __asm___6_port_c_39a90d8d__prvStartFirstTask 0x08000125   Thumb Code    28  port.o(.emb_text)
    PendSV_Handler                           0x08000145   Thumb Code    72  port.o(.emb_text)
    vPortGetIPSR                             0x08000191   Thumb Code     6  port.o(.emb_text)
    Reset_Handler                            0x08000199   Thumb Code     8  startup_stm32f103xb.o(.text)
    ADC1_2_IRQHandler                        0x080001b3   Thumb Code     0  startup_stm32f103xb.o(.text)
    CAN1_RX1_IRQHandler                      0x080001b3   Thumb Code     0  startup_stm32f103xb.o(.text)
    CAN1_SCE_IRQHandler                      0x080001b3   Thumb Code     0  startup_stm32f103xb.o(.text)
    DMA1_Channel1_IRQHandler                 0x080001b3   Thumb Code     0  startup_stm32f103xb.o(.text)
    DMA1_Channel2_IRQHandler                 0x080001b3   Thumb Code     0  startup_stm32f103xb.o(.text)
    DMA1_Channel3_IRQHandler                 0x080001b3   Thumb Code     0  startup_stm32f103xb.o(.text)
    DMA1_Channel4_IRQHandler                 0x080001b3   Thumb Code     0  startup_stm32f103xb.o(.text)
    DMA1_Channel5_IRQHandler                 0x080001b3   Thumb Code     0  startup_stm32f103xb.o(.text)
    DMA1_Channel6_IRQHandler                 0x080001b3   Thumb Code     0  startup_stm32f103xb.o(.text)
    DMA1_Channel7_IRQHandler                 0x080001b3   Thumb Code     0  startup_stm32f103xb.o(.text)
    EXTI0_IRQHandler                         0x080001b3   Thumb Code     0  startup_stm32f103xb.o(.text)
    EXTI15_10_IRQHandler                     0x080001b3   Thumb Code     0  startup_stm32f103xb.o(.text)
    EXTI1_IRQHandler                         0x080001b3   Thumb Code     0  startup_stm32f103xb.o(.text)
    EXTI2_IRQHandler                         0x080001b3   Thumb Code     0  startup_stm32f103xb.o(.text)
    EXTI3_IRQHandler                         0x080001b3   Thumb Code     0  startup_stm32f103xb.o(.text)
    EXTI4_IRQHandler                         0x080001b3   Thumb Code     0  startup_stm32f103xb.o(.text)
    EXTI9_5_IRQHandler                       0x080001b3   Thumb Code     0  startup_stm32f103xb.o(.text)
    FLASH_IRQHandler                         0x080001b3   Thumb Code     0  startup_stm32f103xb.o(.text)
    I2C1_ER_IRQHandler                       0x080001b3   Thumb Code     0  startup_stm32f103xb.o(.text)
    I2C1_EV_IRQHandler                       0x080001b3   Thumb Code     0  startup_stm32f103xb.o(.text)
    I2C2_ER_IRQHandler                       0x080001b3   Thumb Code     0  startup_stm32f103xb.o(.text)
    I2C2_EV_IRQHandler                       0x080001b3   Thumb Code     0  startup_stm32f103xb.o(.text)
    PVD_IRQHandler                           0x080001b3   Thumb Code     0  startup_stm32f103xb.o(.text)
    RCC_IRQHandler                           0x080001b3   Thumb Code     0  startup_stm32f103xb.o(.text)
    RTC_Alarm_IRQHandler                     0x080001b3   Thumb Code     0  startup_stm32f103xb.o(.text)
    RTC_IRQHandler                           0x080001b3   Thumb Code     0  startup_stm32f103xb.o(.text)
    SPI1_IRQHandler                          0x080001b3   Thumb Code     0  startup_stm32f103xb.o(.text)
    SPI2_IRQHandler                          0x080001b3   Thumb Code     0  startup_stm32f103xb.o(.text)
    TAMPER_IRQHandler                        0x080001b3   Thumb Code     0  startup_stm32f103xb.o(.text)
    TIM1_BRK_IRQHandler                      0x080001b3   Thumb Code     0  startup_stm32f103xb.o(.text)
    TIM1_CC_IRQHandler                       0x080001b3   Thumb Code     0  startup_stm32f103xb.o(.text)
    TIM1_TRG_COM_IRQHandler                  0x080001b3   Thumb Code     0  startup_stm32f103xb.o(.text)
    TIM1_UP_IRQHandler                       0x080001b3   Thumb Code     0  startup_stm32f103xb.o(.text)
    TIM2_IRQHandler                          0x080001b3   Thumb Code     0  startup_stm32f103xb.o(.text)
    TIM3_IRQHandler                          0x080001b3   Thumb Code     0  startup_stm32f103xb.o(.text)
    TIM4_IRQHandler                          0x080001b3   Thumb Code     0  startup_stm32f103xb.o(.text)
    USART1_IRQHandler                        0x080001b3   Thumb Code     0  startup_stm32f103xb.o(.text)
    USART2_IRQHandler                        0x080001b3   Thumb Code     0  startup_stm32f103xb.o(.text)
    USART3_IRQHandler                        0x080001b3   Thumb Code     0  startup_stm32f103xb.o(.text)
    USBWakeUp_IRQHandler                     0x080001b3   Thumb Code     0  startup_stm32f103xb.o(.text)
    USB_HP_CAN1_TX_IRQHandler                0x080001b3   Thumb Code     0  startup_stm32f103xb.o(.text)
    USB_LP_CAN1_RX0_IRQHandler               0x080001b3   Thumb Code     0  startup_stm32f103xb.o(.text)
    WWDG_IRQHandler                          0x080001b3   Thumb Code     0  startup_stm32f103xb.o(.text)
    __aeabi_memset                           0x080001bd   Thumb Code    14  memseta.o(.text)
    __aeabi_memset4                          0x080001bd   Thumb Code     0  memseta.o(.text)
    __aeabi_memset8                          0x080001bd   Thumb Code     0  memseta.o(.text)
    __aeabi_memclr                           0x080001cb   Thumb Code     4  memseta.o(.text)
    __aeabi_memclr4                          0x080001cb   Thumb Code     0  memseta.o(.text)
    __aeabi_memclr8                          0x080001cb   Thumb Code     0  memseta.o(.text)
    _memset$wrapper                          0x080001cf   Thumb Code    18  memseta.o(.text)
    __aeabi_uidiv                            0x080001e1   Thumb Code     0  uidiv.o(.text)
    __aeabi_uidivmod                         0x080001e1   Thumb Code    44  uidiv.o(.text)
    __scatterload                            0x0800020d   Thumb Code    28  init.o(.text)
    __scatterload_rt2                        0x0800020d   Thumb Code     0  init.o(.text)
    __decompress                             0x08000231   Thumb Code     0  __dczerorl2.o(.text)
    __decompress1                            0x08000231   Thumb Code    86  __dczerorl2.o(.text)
    App_dataTime_get                         0x08000287   Thumb Code   250  app_datatime.o(i.App_dataTime_get)
    App_dataTime_set                         0x08000381   Thumb Code   448  app_datatime.o(i.App_dataTime_set)
    App_freeRTOS_Init                        0x08000541   Thumb Code   108  app_freertos.o(i.App_freeRTOS_Init)
    App_show_Init                            0x080005fd   Thumb Code    16  app_show.o(i.App_show_Init)
    App_show_Normal                          0x08000611   Thumb Code   116  app_show.o(i.App_show_Normal)
    App_show_alarm_set                       0x0800068d   Thumb Code   216  app_show.o(i.App_show_alarm_set)
    App_show_time_set                        0x08000779   Thumb Code   328  app_show.o(i.App_show_time_set)
    App_switch_alarm_set_process             0x080008cd   Thumb Code   524  app_switch.o(i.App_switch_alarm_set_process)
    App_switch_key_process                   0x08000af1   Thumb Code   270  app_switch.o(i.App_switch_key_process)
    App_switch_rotary_process                0x08000c11   Thumb Code   114  app_switch.o(i.App_switch_rotary_process)
    App_switch_time_set_process              0x08000c91   Thumb Code   428  app_switch.o(i.App_switch_time_set_process)
    BusFault_Handler                         0x08000e4d   Thumb Code     4  stm32f1xx_it.o(i.BusFault_Handler)
    DebugMon_Handler                         0x08000e51   Thumb Code     2  stm32f1xx_it.o(i.DebugMon_Handler)
    Error_Handler                            0x08000e53   Thumb Code     6  main.o(i.Error_Handler)
    HAL_GPIO_Init                            0x08000e59   Thumb Code   766  stm32f1xx_hal_gpio.o(i.HAL_GPIO_Init)
    HAL_GPIO_ReadPin                         0x08001179   Thumb Code    16  stm32f1xx_hal_gpio.o(i.HAL_GPIO_ReadPin)
    HAL_GPIO_WritePin                        0x08001189   Thumb Code    12  stm32f1xx_hal_gpio.o(i.HAL_GPIO_WritePin)
    HAL_GetTick                              0x08001195   Thumb Code     6  stm32f1xx_hal.o(i.HAL_GetTick)
    HAL_IncTick                              0x080011a1   Thumb Code    16  stm32f1xx_hal.o(i.HAL_IncTick)
    HAL_Init                                 0x080011b9   Thumb Code    34  stm32f1xx_hal.o(i.HAL_Init)
    HAL_InitTick                             0x080011e1   Thumb Code    64  stm32f1xx_hal.o(i.HAL_InitTick)
    HAL_MspInit                              0x0800122d   Thumb Code    76  stm32f1xx_hal_msp.o(i.HAL_MspInit)
    HAL_NVIC_SetPriority                     0x08001281   Thumb Code   124  stm32f1xx_hal_cortex.o(i.HAL_NVIC_SetPriority)
    HAL_NVIC_SetPriorityGrouping             0x080012fd   Thumb Code    32  stm32f1xx_hal_cortex.o(i.HAL_NVIC_SetPriorityGrouping)
    HAL_RCC_ClockConfig                      0x08001325   Thumb Code   376  stm32f1xx_hal_rcc.o(i.HAL_RCC_ClockConfig)
    HAL_RCC_GetHCLKFreq                      0x080014b1   Thumb Code     6  stm32f1xx_hal_rcc.o(i.HAL_RCC_GetHCLKFreq)
    HAL_RCC_GetPCLK1Freq                     0x080014bd   Thumb Code    22  stm32f1xx_hal_rcc.o(i.HAL_RCC_GetPCLK1Freq)
    HAL_RCC_GetPCLK2Freq                     0x080014dd   Thumb Code    22  stm32f1xx_hal_rcc.o(i.HAL_RCC_GetPCLK2Freq)
    HAL_RCC_GetSysClockFreq                  0x080014fd   Thumb Code    92  stm32f1xx_hal_rcc.o(i.HAL_RCC_GetSysClockFreq)
    HAL_RCC_OscConfig                        0x0800156d   Thumb Code  1114  stm32f1xx_hal_rcc.o(i.HAL_RCC_OscConfig)
    HAL_SYSTICK_Config                       0x080019d1   Thumb Code    52  stm32f1xx_hal_cortex.o(i.HAL_SYSTICK_Config)
    HAL_UART_Init                            0x08001a05   Thumb Code   118  stm32f1xx_hal_uart.o(i.HAL_UART_Init)
    HAL_UART_MspInit                         0x08001a7d   Thumb Code   122  usart.o(i.HAL_UART_MspInit)
    HAL_UART_Transmit                        0x08001b05   Thumb Code   190  stm32f1xx_hal_uart.o(i.HAL_UART_Transmit)
    HardFault_Handler                        0x08001bc3   Thumb Code     4  stm32f1xx_it.o(i.HardFault_Handler)
    Inf_DHT11_Get_Temp_Humi                  0x08001bc9   Thumb Code   330  inf_dht11.o(i.Inf_DHT11_Get_Temp_Humi)
    Inf_DHT11_Init                           0x08001d71   Thumb Code    22  inf_dht11.o(i.Inf_DHT11_Init)
    Inf_DS1302Z_ReadReg                      0x08001d8d   Thumb Code   188  inf_ds1302z.o(i.Inf_DS1302Z_ReadReg)
    Inf_DS1302Z_WriteReg                     0x08001e4d   Thumb Code   194  inf_ds1302z.o(i.Inf_DS1302Z_WriteReg)
    Inf_Delay_Us                             0x08001f15   Thumb Code    16  inf_ds1302z.o(i.Inf_Delay_Us)
    Inf_LED_Start                            0x08001f25   Thumb Code    16  inf_led.o(i.Inf_LED_Start)
    Inf_LED_Stop                             0x08001f39   Thumb Code    24  inf_led.o(i.Inf_LED_Stop)
    Inf_LED_Write                            0x08001f55   Thumb Code   156  inf_led.o(i.Inf_LED_Write)
    Inf_NV020D_Init                          0x08001ff9   Thumb Code    12  inf_nv020d.o(i.Inf_NV020D_Init)
    Inf_NV020D_Send_Command                  0x08002005   Thumb Code   142  inf_nv020d.o(i.Inf_NV020D_Send_Command)
    Inf_NV020D_Set_Volume                    0x08002099   Thumb Code    22  inf_nv020d.o(i.Inf_NV020D_Set_Volume)
    Inf_get_key_press                        0x080020af   Thumb Code    60  inf_key.o(i.Inf_get_key_press)
    Inf_get_key_value                        0x080020ed   Thumb Code   220  inf_key.o(i.Inf_get_key_value)
    Inf_get_led_on_value                     0x080021d1   Thumb Code    22  inf_key.o(i.Inf_get_led_on_value)
    Inf_get_light_value                      0x080021ed   Thumb Code    22  inf_key.o(i.Inf_get_light_value)
    Inf_get_mic_value                        0x08002209   Thumb Code    22  inf_mic.o(i.Inf_get_mic_value)
    Inf_get_touch_value                      0x08002225   Thumb Code    64  inf_touch.o(i.Inf_get_touch_value)
    Inf_led_set_all                          0x08002269   Thumb Code   472  inf_led.o(i.Inf_led_set_all)
    MX_GPIO_Init                             0x08002465   Thumb Code   334  gpio.o(i.MX_GPIO_Init)
    MX_USART1_UART_Init                      0x080025c1   Thumb Code    46  usart.o(i.MX_USART1_UART_Init)
    MemManage_Handler                        0x080025f9   Thumb Code     4  stm32f1xx_it.o(i.MemManage_Handler)
    NMI_Handler                              0x080025fd   Thumb Code     4  stm32f1xx_it.o(i.NMI_Handler)
    SysTick_Handler                          0x08002629   Thumb Code    20  stm32f1xx_it.o(i.SysTick_Handler)
    SystemClock_Config                       0x0800263d   Thumb Code   102  main.o(i.SystemClock_Config)
    SystemInit                               0x080026a3   Thumb Code     2  system_stm32f1xx.o(i.SystemInit)
    UsageFault_Handler                       0x08002899   Thumb Code     4  stm32f1xx_it.o(i.UsageFault_Handler)
    __0printf$3                              0x0800289d   Thumb Code    22  printf3.o(i.__0printf$3)
    __1printf$3                              0x0800289d   Thumb Code     0  printf3.o(i.__0printf$3)
    __2printf                                0x0800289d   Thumb Code     0  printf3.o(i.__0printf$3)
    __scatterload_copy                       0x080028f5   Thumb Code    14  handlers.o(i.__scatterload_copy)
    __scatterload_null                       0x08002903   Thumb Code     2  handlers.o(i.__scatterload_null)
    __scatterload_zeroinit                   0x08002905   Thumb Code    14  handlers.o(i.__scatterload_zeroinit)
    fputc                                    0x08002acd   Thumb Code    22  com_debug.o(i.fputc)
    main                                     0x08002ae9   Thumb Code    24  main.o(i.main)
    pvPortMalloc                             0x08002f2d   Thumb Code   208  heap_4.o(i.pvPortMalloc)
    pxPortInitialiseStack                    0x08003011   Thumb Code    30  port.o(i.pxPortInitialiseStack)
    task_alarm                               0x08003035   Thumb Code   318  app_freertos.o(i.task_alarm)
    task_collect                             0x0800318d   Thumb Code    50  app_freertos.o(i.task_collect)
    task_show                                0x080031d1   Thumb Code   116  app_freertos.o(i.task_show)
    task_switch                              0x0800325d   Thumb Code    92  app_freertos.o(i.task_switch)
    task_volume                              0x080032c1   Thumb Code   162  app_freertos.o(i.task_volume)
    uxListRemove                             0x0800336d   Thumb Code    40  list.o(i.uxListRemove)
    vListInitialise                          0x08003395   Thumb Code    26  list.o(i.vListInitialise)
    vListInitialiseItem                      0x080033af   Thumb Code     6  list.o(i.vListInitialiseItem)
    vListInsert                              0x080033b5   Thumb Code    52  list.o(i.vListInsert)
    vPortEnterCritical                       0x080033e9   Thumb Code    30  port.o(i.vPortEnterCritical)
    vPortExitCritical                        0x0800340d   Thumb Code    28  port.o(i.vPortExitCritical)
    vPortFree                                0x0800342d   Thumb Code    68  heap_4.o(i.vPortFree)
    vPortSetupTimerInterrupt                 0x08003479   Thumb Code    20  port.o(i.vPortSetupTimerInterrupt)
    vTaskDelay                               0x08003491   Thumb Code    46  tasks.o(i.vTaskDelay)
    vTaskStartScheduler                      0x080034c5   Thumb Code    76  tasks.o(i.vTaskStartScheduler)
    vTaskSuspendAll                          0x08003531   Thumb Code    12  tasks.o(i.vTaskSuspendAll)
    vTaskSwitchContext                       0x08003541   Thumb Code    76  tasks.o(i.vTaskSwitchContext)
    xPortStartScheduler                      0x080035a1   Thumb Code    42  port.o(i.xPortStartScheduler)
    xPortSysTickHandler                      0x080035d5   Thumb Code    46  port.o(i.xPortSysTickHandler)
    xTaskCreate                              0x08003609   Thumb Code   104  tasks.o(i.xTaskCreate)
    xTaskGetSchedulerState                   0x08003671   Thumb Code    24  tasks.o(i.xTaskGetSchedulerState)
    xTaskGetTickCount                        0x08003691   Thumb Code     6  tasks.o(i.xTaskGetTickCount)
    xTaskIncrementTick                       0x0800369d   Thumb Code   356  tasks.o(i.xTaskIncrementTick)
    xTaskResumeAll                           0x0800382d   Thumb Code   310  tasks.o(i.xTaskResumeAll)
    AHBPrescTable                            0x0800399a   Data          16  system_stm32f1xx.o(.constdata)
    APBPrescTable                            0x080039aa   Data           8  system_stm32f1xx.o(.constdata)
    Region$$Table$$Base                      0x080039b4   Number         0  anon$$obj.o(Region$$Table)
    Region$$Table$$Limit                     0x080039d4   Number         0  anon$$obj.o(Region$$Table)
    uwTick                                   0x20000000   Data           4  stm32f1xx_hal.o(.data)
    uwTickPrio                               0x20000004   Data           4  stm32f1xx_hal.o(.data)
    uwTickFreq                               0x20000008   Data           1  stm32f1xx_hal.o(.data)
    SystemCoreClock                          0x2000000c   Data           4  system_stm32f1xx.o(.data)
    pxCurrentTCB                             0x20000010   Data           4  tasks.o(.data)
    uxTopUsedPriority                        0x20000048   Data           4  tasks.o(.data)
    collect_task_handle                      0x20000070   Data           4  app_freertos.o(.data)
    tempreture                               0x20000074   Data           1  app_freertos.o(.data)
    humidity                                 0x20000075   Data           1  app_freertos.o(.data)
    show_task_handle                         0x20000078   Data           4  app_freertos.o(.data)
    Show_Mode                                0x2000007c   Data           1  app_freertos.o(.data)
    Show_Type                                0x2000007d   Data           7  app_freertos.o(.data)
    show_time_set                            0x20000084   Data           1  app_freertos.o(.data)
    show_alarm_set                           0x20000085   Data           1  app_freertos.o(.data)
    switch_task_handle                       0x20000088   Data           4  app_freertos.o(.data)
    touch_count                              0x2000008c   Data           1  app_freertos.o(.data)
    LED_EN                                   0x2000008d   Data           1  app_freertos.o(.data)
    alarm_time_1                             0x2000008e   Data           4  app_freertos.o(.data)
    alarm_time_2                             0x20000092   Data           4  app_freertos.o(.data)
    alarm_task_handle                        0x20000098   Data           4  app_freertos.o(.data)
    nv020d_volume                            0x2000009c   Data           1  app_freertos.o(.data)
    volume_task_handle                       0x200000a0   Data           4  app_freertos.o(.data)
    clock_flag                               0x200000a4   Data           1  app_show.o(.data)
    clock_last_time                          0x200000a8   Data           4  app_show.o(.data)
    alarm_data                               0x200000ac   Data           1  app_switch.o(.data)
    sound_flag                               0x200000ad   Data           1  app_switch.o(.data)
    sound_control_last_time                  0x200000b0   Data           4  app_switch.o(.data)
    data                                     0x200000b4   Data           5  inf_dht11.o(.data)
    led_h_s                                  0x200000bc   Data           6  inf_led.o(.data)
    led_h_g                                  0x200000c2   Data          20  inf_led.o(.data)
    led_m_s                                  0x200000d6   Data          20  inf_led.o(.data)
    led_m_g                                  0x200000ea   Data          20  inf_led.o(.data)
    led_tm_s                                 0x200000fe   Data          20  inf_led.o(.data)
    led_tm_g                                 0x20000112   Data          20  inf_led.o(.data)
    led_hu_s                                 0x20000126   Data          20  inf_led.o(.data)
    led_hu_g                                 0x2000013a   Data          20  inf_led.o(.data)
    time_set_last_time                       0x20000150   Data           4  inf_led.o(.data)
    led_flag                                 0x20000154   Data           1  inf_led.o(.data)
    __stdout                                 0x20000158   Data           4  stdout.o(.data)
    huart1                                   0x2000015c   Data          72  usart.o(.bss)
    clock_data_time                          0x2000466c   Data          10  app_freertos.o(.bss)
    __initial_sp                             0x20004a78   Data           0  startup_stm32f103xb.o(STACK)



==============================================================================

Memory Map of the image

  Image Entry point : 0x080000ed

  Load Region LR_IROM1 (Base: 0x08000000, Size: 0x00003b30, Max: 0x00010000, ABSOLUTE, COMPRESSED[0x00003a1c])

    Execution Region ER_IROM1 (Exec base: 0x08000000, Load base: 0x08000000, Size: 0x000039d4, Max: 0x00010000, ABSOLUTE)

    Exec Addr    Load Addr    Size         Type   Attr      Idx    E Section Name        Object

    0x08000000   0x08000000   0x000000ec   Data   RO            3    RESET               startup_stm32f103xb.o
    0x080000ec   0x080000ec   0x00000000   Code   RO         3240  * .ARM.Collect$$$$00000000  mc_w.l(entry.o)
    0x080000ec   0x080000ec   0x00000004   Code   RO         3512    .ARM.Collect$$$$00000001  mc_w.l(entry2.o)
    0x080000f0   0x080000f0   0x00000004   Code   RO         3515    .ARM.Collect$$$$00000004  mc_w.l(entry5.o)
    0x080000f4   0x080000f4   0x00000000   Code   RO         3517    .ARM.Collect$$$$00000008  mc_w.l(entry7b.o)
    0x080000f4   0x080000f4   0x00000000   Code   RO         3519    .ARM.Collect$$$$0000000A  mc_w.l(entry8b.o)
    0x080000f4   0x080000f4   0x00000008   Code   RO         3520    .ARM.Collect$$$$0000000B  mc_w.l(entry9a.o)
    0x080000fc   0x080000fc   0x00000000   Code   RO         3522    .ARM.Collect$$$$0000000D  mc_w.l(entry10a.o)
    0x080000fc   0x080000fc   0x00000000   Code   RO         3524    .ARM.Collect$$$$0000000F  mc_w.l(entry11a.o)
    0x080000fc   0x080000fc   0x00000004   Code   RO         3513    .ARM.Collect$$$$00002712  mc_w.l(entry2.o)
    0x08000100   0x08000100   0x00000096   Code   RO         2679    .emb_text           port.o
    0x08000196   0x08000196   0x00000002   PAD
    0x08000198   0x08000198   0x00000024   Code   RO            4    .text               startup_stm32f103xb.o
    0x080001bc   0x080001bc   0x00000024   Code   RO         3247    .text               mc_w.l(memseta.o)
    0x080001e0   0x080001e0   0x0000002c   Code   RO         3527    .text               mc_w.l(uidiv.o)
    0x0800020c   0x0800020c   0x00000024   Code   RO         3542    .text               mc_w.l(init.o)
    0x08000230   0x08000230   0x00000056   Code   RO         3558    .text               mc_w.l(__dczerorl2.o)
    0x08000286   0x08000286   0x000000fa   Code   RO         2823    i.App_dataTime_get  app_datatime.o
    0x08000380   0x08000380   0x000001c0   Code   RO         2824    i.App_dataTime_set  app_datatime.o
    0x08000540   0x08000540   0x000000bc   Code   RO         2753    i.App_freeRTOS_Init  app_freertos.o
    0x080005fc   0x080005fc   0x00000014   Code   RO         2853    i.App_show_Init     app_show.o
    0x08000610   0x08000610   0x0000007c   Code   RO         2854    i.App_show_Normal   app_show.o
    0x0800068c   0x0800068c   0x000000ec   Code   RO         2855    i.App_show_alarm_set  app_show.o
    0x08000778   0x08000778   0x00000154   Code   RO         2856    i.App_show_time_set  app_show.o
    0x080008cc   0x080008cc   0x00000224   Code   RO         2903    i.App_switch_alarm_set_process  app_switch.o
    0x08000af0   0x08000af0   0x00000120   Code   RO         2904    i.App_switch_key_process  app_switch.o
    0x08000c10   0x08000c10   0x00000080   Code   RO         2905    i.App_switch_rotary_process  app_switch.o
    0x08000c90   0x08000c90   0x000001bc   Code   RO         2906    i.App_switch_time_set_process  app_switch.o
    0x08000e4c   0x08000e4c   0x00000004   Code   RO          275    i.BusFault_Handler  stm32f1xx_it.o
    0x08000e50   0x08000e50   0x00000002   Code   RO          276    i.DebugMon_Handler  stm32f1xx_it.o
    0x08000e52   0x08000e52   0x00000006   Code   RO           13    i.Error_Handler     main.o
    0x08000e58   0x08000e58   0x00000320   Code   RO         1132    i.HAL_GPIO_Init     stm32f1xx_hal_gpio.o
    0x08001178   0x08001178   0x00000010   Code   RO         1134    i.HAL_GPIO_ReadPin  stm32f1xx_hal_gpio.o
    0x08001188   0x08001188   0x0000000c   Code   RO         1136    i.HAL_GPIO_WritePin  stm32f1xx_hal_gpio.o
    0x08001194   0x08001194   0x0000000c   Code   RO          821    i.HAL_GetTick       stm32f1xx_hal.o
    0x080011a0   0x080011a0   0x00000018   Code   RO          827    i.HAL_IncTick       stm32f1xx_hal.o
    0x080011b8   0x080011b8   0x00000028   Code   RO          828    i.HAL_Init          stm32f1xx_hal.o
    0x080011e0   0x080011e0   0x0000004c   Code   RO          829    i.HAL_InitTick      stm32f1xx_hal.o
    0x0800122c   0x0800122c   0x00000054   Code   RO          341    i.HAL_MspInit       stm32f1xx_hal_msp.o
    0x08001280   0x08001280   0x0000007c   Code   RO         1298    i.HAL_NVIC_SetPriority  stm32f1xx_hal_cortex.o
    0x080012fc   0x080012fc   0x00000028   Code   RO         1299    i.HAL_NVIC_SetPriorityGrouping  stm32f1xx_hal_cortex.o
    0x08001324   0x08001324   0x0000018c   Code   RO          985    i.HAL_RCC_ClockConfig  stm32f1xx_hal_rcc.o
    0x080014b0   0x080014b0   0x0000000c   Code   RO          990    i.HAL_RCC_GetHCLKFreq  stm32f1xx_hal_rcc.o
    0x080014bc   0x080014bc   0x00000020   Code   RO          992    i.HAL_RCC_GetPCLK1Freq  stm32f1xx_hal_rcc.o
    0x080014dc   0x080014dc   0x00000020   Code   RO          993    i.HAL_RCC_GetPCLK2Freq  stm32f1xx_hal_rcc.o
    0x080014fc   0x080014fc   0x00000070   Code   RO          994    i.HAL_RCC_GetSysClockFreq  stm32f1xx_hal_rcc.o
    0x0800156c   0x0800156c   0x00000464   Code   RO          997    i.HAL_RCC_OscConfig  stm32f1xx_hal_rcc.o
    0x080019d0   0x080019d0   0x00000034   Code   RO         1303    i.HAL_SYSTICK_Config  stm32f1xx_hal_cortex.o
    0x08001a04   0x08001a04   0x00000076   Code   RO          467    i.HAL_UART_Init     stm32f1xx_hal_uart.o
    0x08001a7a   0x08001a7a   0x00000002   PAD
    0x08001a7c   0x08001a7c   0x00000088   Code   RO          234    i.HAL_UART_MspInit  usart.o
    0x08001b04   0x08001b04   0x000000be   Code   RO          475    i.HAL_UART_Transmit  stm32f1xx_hal_uart.o
    0x08001bc2   0x08001bc2   0x00000004   Code   RO          277    i.HardFault_Handler  stm32f1xx_it.o
    0x08001bc6   0x08001bc6   0x00000002   PAD
    0x08001bc8   0x08001bc8   0x000001a8   Code   RO         3090    i.Inf_DHT11_Get_Temp_Humi  inf_dht11.o
    0x08001d70   0x08001d70   0x0000001c   Code   RO         3091    i.Inf_DHT11_Init    inf_dht11.o
    0x08001d8c   0x08001d8c   0x000000c0   Code   RO         3051    i.Inf_DS1302Z_ReadReg  inf_ds1302z.o
    0x08001e4c   0x08001e4c   0x000000c8   Code   RO         3052    i.Inf_DS1302Z_WriteReg  inf_ds1302z.o
    0x08001f14   0x08001f14   0x00000010   Code   RO         3053    i.Inf_Delay_Us      inf_ds1302z.o
    0x08001f24   0x08001f24   0x00000014   Code   RO         3178    i.Inf_LED_Start     inf_led.o
    0x08001f38   0x08001f38   0x0000001c   Code   RO         3179    i.Inf_LED_Stop      inf_led.o
    0x08001f54   0x08001f54   0x000000a4   Code   RO         3180    i.Inf_LED_Write     inf_led.o
    0x08001ff8   0x08001ff8   0x0000000c   Code   RO         3126    i.Inf_NV020D_Init   inf_nv020d.o
    0x08002004   0x08002004   0x00000094   Code   RO         3128    i.Inf_NV020D_Send_Command  inf_nv020d.o
    0x08002098   0x08002098   0x00000016   Code   RO         3129    i.Inf_NV020D_Set_Volume  inf_nv020d.o
    0x080020ae   0x080020ae   0x0000003c   Code   RO         2949    i.Inf_get_key_press  inf_key.o
    0x080020ea   0x080020ea   0x00000002   PAD
    0x080020ec   0x080020ec   0x000000e4   Code   RO         2950    i.Inf_get_key_value  inf_key.o
    0x080021d0   0x080021d0   0x0000001c   Code   RO         2951    i.Inf_get_led_on_value  inf_key.o
    0x080021ec   0x080021ec   0x0000001c   Code   RO         2952    i.Inf_get_light_value  inf_key.o
    0x08002208   0x08002208   0x0000001c   Code   RO         3024    i.Inf_get_mic_value  inf_mic.o
    0x08002224   0x08002224   0x00000044   Code   RO         2994    i.Inf_get_touch_value  inf_touch.o
    0x08002268   0x08002268   0x000001fc   Code   RO         3181    i.Inf_led_set_all   inf_led.o
    0x08002464   0x08002464   0x0000015c   Code   RO          209    i.MX_GPIO_Init      gpio.o
    0x080025c0   0x080025c0   0x00000038   Code   RO          235    i.MX_USART1_UART_Init  usart.o
    0x080025f8   0x080025f8   0x00000004   Code   RO          278    i.MemManage_Handler  stm32f1xx_it.o
    0x080025fc   0x080025fc   0x00000004   Code   RO          279    i.NMI_Handler       stm32f1xx_it.o
    0x08002600   0x08002600   0x00000028   Code   RO          998    i.RCC_Delay         stm32f1xx_hal_rcc.o
    0x08002628   0x08002628   0x00000014   Code   RO          280    i.SysTick_Handler   stm32f1xx_it.o
    0x0800263c   0x0800263c   0x00000066   Code   RO           14    i.SystemClock_Config  main.o
    0x080026a2   0x080026a2   0x00000002   Code   RO         1819    i.SystemInit        system_stm32f1xx.o
    0x080026a4   0x080026a4   0x0000006c   Code   RO          490    i.UART_EndRxTransfer  stm32f1xx_hal_uart.o
    0x08002710   0x08002710   0x000000fc   Code   RO          494    i.UART_SetConfig    stm32f1xx_hal_uart.o
    0x0800280c   0x0800280c   0x0000008c   Code   RO          498    i.UART_WaitOnFlagUntilTimeout  stm32f1xx_hal_uart.o
    0x08002898   0x08002898   0x00000004   Code   RO          281    i.UsageFault_Handler  stm32f1xx_it.o
    0x0800289c   0x0800289c   0x00000020   Code   RO         3340    i.__0printf$3       mc_w.l(printf3.o)
    0x080028bc   0x080028bc   0x00000010   Code   RO         1305    i.__NVIC_GetPriorityGrouping  stm32f1xx_hal_cortex.o
    0x080028cc   0x080028cc   0x00000028   Code   RO         1306    i.__NVIC_SetPriority  stm32f1xx_hal_cortex.o
    0x080028f4   0x080028f4   0x0000000e   Code   RO         3552    i.__scatterload_copy  mc_w.l(handlers.o)
    0x08002902   0x08002902   0x00000002   Code   RO         3553    i.__scatterload_null  mc_w.l(handlers.o)
    0x08002904   0x08002904   0x0000000e   Code   RO         3554    i.__scatterload_zeroinit  mc_w.l(handlers.o)
    0x08002912   0x08002912   0x00000002   PAD
    0x08002914   0x08002914   0x000001b8   Code   RO         3347    i._printf_core      mc_w.l(printf3.o)
    0x08002acc   0x08002acc   0x0000001c   Code   RO         1855    i.fputc             com_debug.o
    0x08002ae8   0x08002ae8   0x00000018   Code   RO           15    i.main              main.o
    0x08002b00   0x08002b00   0x000000c0   Code   RO         2306    i.prvAddCurrentTaskToDelayedList  tasks.o
    0x08002bc0   0x08002bc0   0x000000e4   Code   RO         2307    i.prvAddNewTaskToReadyList  tasks.o
    0x08002ca4   0x08002ca4   0x00000048   Code   RO         2308    i.prvCheckTasksWaitingTermination  tasks.o
    0x08002cec   0x08002cec   0x00000012   Code   RO         2309    i.prvDeleteTCB      tasks.o
    0x08002cfe   0x08002cfe   0x00000002   PAD
    0x08002d00   0x08002d00   0x00000070   Code   RO         2618    i.prvHeapInit       heap_4.o
    0x08002d70   0x08002d70   0x00000028   Code   RO         2310    i.prvIdleTask       tasks.o
    0x08002d98   0x08002d98   0x0000007a   Code   RO         2311    i.prvInitialiseNewTask  tasks.o
    0x08002e12   0x08002e12   0x00000002   PAD
    0x08002e14   0x08002e14   0x00000068   Code   RO         2312    i.prvInitialiseTaskLists  tasks.o
    0x08002e7c   0x08002e7c   0x00000068   Code   RO         2619    i.prvInsertBlockIntoFreeList  heap_4.o
    0x08002ee4   0x08002ee4   0x00000030   Code   RO         2313    i.prvResetNextTaskUnblockTime  tasks.o
    0x08002f14   0x08002f14   0x00000016   Code   RO         2680    i.prvTaskExitError  port.o
    0x08002f2a   0x08002f2a   0x00000002   PAD
    0x08002f2c   0x08002f2c   0x000000e4   Code   RO         2621    i.pvPortMalloc      heap_4.o
    0x08003010   0x08003010   0x00000024   Code   RO         2681    i.pxPortInitialiseStack  port.o
    0x08003034   0x08003034   0x00000158   Code   RO         2754    i.task_alarm        app_freertos.o
    0x0800318c   0x0800318c   0x00000044   Code   RO         2755    i.task_collect      app_freertos.o
    0x080031d0   0x080031d0   0x0000008c   Code   RO         2756    i.task_show         app_freertos.o
    0x0800325c   0x0800325c   0x00000064   Code   RO         2757    i.task_switch       app_freertos.o
    0x080032c0   0x080032c0   0x000000ac   Code   RO         2758    i.task_volume       app_freertos.o
    0x0800336c   0x0800336c   0x00000028   Code   RO         1987    i.uxListRemove      list.o
    0x08003394   0x08003394   0x0000001a   Code   RO         1988    i.vListInitialise   list.o
    0x080033ae   0x080033ae   0x00000006   Code   RO         1989    i.vListInitialiseItem  list.o
    0x080033b4   0x080033b4   0x00000034   Code   RO         1990    i.vListInsert       list.o
    0x080033e8   0x080033e8   0x00000024   Code   RO         2683    i.vPortEnterCritical  port.o
    0x0800340c   0x0800340c   0x00000020   Code   RO         2684    i.vPortExitCritical  port.o
    0x0800342c   0x0800342c   0x0000004c   Code   RO         2622    i.vPortFree         heap_4.o
    0x08003478   0x08003478   0x00000018   Code   RO         2685    i.vPortSetupTimerInterrupt  port.o
    0x08003490   0x08003490   0x00000034   Code   RO         2321    i.vTaskDelay        tasks.o
    0x080034c4   0x080034c4   0x0000006c   Code   RO         2333    i.vTaskStartScheduler  tasks.o
    0x08003530   0x08003530   0x00000010   Code   RO         2335    i.vTaskSuspendAll   tasks.o
    0x08003540   0x08003540   0x00000060   Code   RO         2336    i.vTaskSwitchContext  tasks.o
    0x080035a0   0x080035a0   0x00000034   Code   RO         2686    i.xPortStartScheduler  port.o
    0x080035d4   0x080035d4   0x00000034   Code   RO         2687    i.xPortSysTickHandler  port.o
    0x08003608   0x08003608   0x00000068   Code   RO         2339    i.xTaskCreate       tasks.o
    0x08003670   0x08003670   0x00000020   Code   RO         2346    i.xTaskGetSchedulerState  tasks.o
    0x08003690   0x08003690   0x0000000c   Code   RO         2347    i.xTaskGetTickCount  tasks.o
    0x0800369c   0x0800369c   0x00000190   Code   RO         2349    i.xTaskIncrementTick  tasks.o
    0x0800382c   0x0800382c   0x0000015c   Code   RO         2351    i.xTaskResumeAll    tasks.o
    0x08003988   0x08003988   0x00000012   Data   RO          999    .constdata          stm32f1xx_hal_rcc.o
    0x0800399a   0x0800399a   0x00000018   Data   RO         1820    .constdata          system_stm32f1xx.o
    0x080039b2   0x080039b2   0x00000002   PAD
    0x080039b4   0x080039b4   0x00000020   Data   RO         3550    Region$$Table       anon$$obj.o


    Execution Region RW_IRAM1 (Exec base: 0x20000000, Load base: 0x080039d4, Size: 0x00004a78, Max: 0x00005000, ABSOLUTE, COMPRESSED[0x00000048])

    Exec Addr    Load Addr    Size         Type   Attr      Idx    E Section Name        Object

    0x20000000   COMPRESSED   0x00000009   Data   RW          835    .data               stm32f1xx_hal.o
    0x20000009   COMPRESSED   0x00000003   PAD
    0x2000000c   COMPRESSED   0x00000004   Data   RW         1821    .data               system_stm32f1xx.o
    0x20000010   COMPRESSED   0x00000040   Data   RW         2354    .data               tasks.o
    0x20000050   COMPRESSED   0x0000001c   Data   RW         2628    .data               heap_4.o
    0x2000006c   COMPRESSED   0x00000004   Data   RW         2688    .data               port.o
    0x20000070   COMPRESSED   0x00000034   Data   RW         2760    .data               app_freertos.o
    0x200000a4   COMPRESSED   0x00000008   Data   RW         2857    .data               app_show.o
    0x200000ac   COMPRESSED   0x00000008   Data   RW         2907    .data               app_switch.o
    0x200000b4   COMPRESSED   0x00000005   Data   RW         3092    .data               inf_dht11.o
    0x200000b9   COMPRESSED   0x00000003   PAD
    0x200000bc   COMPRESSED   0x00000099   Data   RW         3184    .data               inf_led.o
    0x20000155   COMPRESSED   0x00000003   PAD
    0x20000158   COMPRESSED   0x00000004   Data   RW         3526    .data               mc_w.l(stdout.o)
    0x2000015c        -       0x00000048   Zero   RW          236    .bss                usart.o
    0x200001a4        -       0x000000c8   Zero   RW         2353    .bss                tasks.o
    0x2000026c        -       0x00004400   Zero   RW         2627    .bss                heap_4.o
    0x2000466c        -       0x0000000a   Zero   RW         2759    .bss                app_freertos.o
    0x20004676   COMPRESSED   0x00000002   PAD
    0x20004678        -       0x00000400   Zero   RW            1    STACK               startup_stm32f103xb.o


==============================================================================

Image component sizes


      Code (inc. data)   RO Data    RW Data    ZI Data      Debug   Object Name

       698          0          0          0          0       2150   app_datatime.o
      1012        166          0         52         10       5603   app_freertos.o
       720         50          0          8          0       5075   app_show.o
      1408         82          0          8          0       3246   app_switch.o
        28          6          0          0          0       1712   com_debug.o
         0          0          0          0          0       2492   event_groups.o
       348         14          0          0          0       1019   gpio.o
       520         58          0         28      17408       4411   heap_4.o
       452        100          0          5          0       1954   inf_dht11.o
       408         10          0          0          0       1992   inf_ds1302z.o
       344         20          0          0          0       3373   inf_key.o
       720         52          0        153          0       5231   inf_led.o
        28          6          0          0          0        812   inf_mic.o
       182          6          0          0          0       1588   inf_nv020d.o
        68          4          0          0          0        918   inf_touch.o
       124          0          0          0          0       2545   list.o
       132          0          0          0          0     412442   main.o
       404         48          0          4          0       8736   port.o
        36          8        236          0       1024        792   startup_stm32f103xb.o
       152         32          0          9          0       5209   stm32f1xx_hal.o
       272         22          0          0          0      28690   stm32f1xx_hal_cortex.o
       828         34          0          0          0       3275   stm32f1xx_hal_gpio.o
        84          8          0          0          0        874   stm32f1xx_hal_msp.o
      1748         98         18          0          0       5888   stm32f1xx_hal_rcc.o
       808          4          0          0          0       4320   stm32f1xx_hal_uart.o
        42          0          0          0          0       3019   stm32f1xx_it.o
         2          0         24          4          0       1091   system_stm32f1xx.o
      1992        276          0         64        200      26584   tasks.o
       192         24          0          0         72       1622   usart.o

    ----------------------------------------------------------------------
     13766       1128        312        344      18716     546663   Object Totals
         0          0         32          0          0          0   (incl. Generated)
        14          0          2          9          2          0   (incl. Padding)

    ----------------------------------------------------------------------

      Code (inc. data)   RO Data    RW Data    ZI Data      Debug   Library Member Name

        86          0          0          0          0          0   __dczerorl2.o
         0          0          0          0          0          0   entry.o
         0          0          0          0          0          0   entry10a.o
         0          0          0          0          0          0   entry11a.o
         8          4          0          0          0          0   entry2.o
         4          0          0          0          0          0   entry5.o
         0          0          0          0          0          0   entry7b.o
         0          0          0          0          0          0   entry8b.o
         8          4          0          0          0          0   entry9a.o
        30          0          0          0          0          0   handlers.o
        36          8          0          0          0         68   init.o
        36          0          0          0          0        108   memseta.o
       472         14          0          0          0        184   printf3.o
         0          0          0          4          0          0   stdout.o
        44          0          0          0          0         80   uidiv.o

    ----------------------------------------------------------------------
       726         30          0          4          0        440   Library Totals
         2          0          0          0          0          0   (incl. Padding)

    ----------------------------------------------------------------------

      Code (inc. data)   RO Data    RW Data    ZI Data      Debug   Library Name

       724         30          0          4          0        440   mc_w.l

    ----------------------------------------------------------------------
       726         30          0          4          0        440   Library Totals

    ----------------------------------------------------------------------

==============================================================================


      Code (inc. data)   RO Data    RW Data    ZI Data      Debug   

     14492       1158        312        348      18716     541927   Grand Totals
     14492       1158        312         72      18716     541927   ELF Image Totals (compressed)
     14492       1158        312         72          0          0   ROM Totals

==============================================================================

    Total RO  Size (Code + RO Data)                14804 (  14.46kB)
    Total RW  Size (RW Data + ZI Data)             19064 (  18.62kB)
    Total ROM Size (Code + RO Data + RW Data)      14876 (  14.53kB)

==============================================================================

